###############################################################################
#
# IAR ELF Linker V8.30.1.114/W32 for ARM                  15/May/2021  14:31:01
# Copyright 2007-2018 IAR Systems AB.
#
#    Output file  =  
#        D:\Work\Gerkon\NEW\system software\EWARM\config\Exe\config.out
#    Map file     =  
#        D:\Work\Gerkon\NEW\system software\EWARM\config\List\config.map
#    Command line =  
#        -f C:\Users\PopovIA\AppData\Local\Temp\EWB1BB.tmp
#        ("D:\Work\Gerkon\NEW\system software\EWARM\config\Obj\altcp.o"
#        "D:\Work\Gerkon\NEW\system software\EWARM\config\Obj\altcp_alloc.o"
#        "D:\Work\Gerkon\NEW\system software\EWARM\config\Obj\altcp_tcp.o"
#        "D:\Work\Gerkon\NEW\system software\EWARM\config\Obj\analog.o"
#        "D:\Work\Gerkon\NEW\system software\EWARM\config\Obj\api_lib.o"
#        "D:\Work\Gerkon\NEW\system software\EWARM\config\Obj\api_msg.o"
#        "D:\Work\Gerkon\NEW\system software\EWARM\config\Obj\auth.o"
#        "D:\Work\Gerkon\NEW\system software\EWARM\config\Obj\autoip.o"
#        "D:\Work\Gerkon\NEW\system software\EWARM\config\Obj\bridgeif.o"
#        "D:\Work\Gerkon\NEW\system software\EWARM\config\Obj\bridgeif_fdb.o"
#        "D:\Work\Gerkon\NEW\system software\EWARM\config\Obj\ccp.o"
#        "D:\Work\Gerkon\NEW\system software\EWARM\config\Obj\chap-md5.o"
#        "D:\Work\Gerkon\NEW\system software\EWARM\config\Obj\chap-new.o"
#        "D:\Work\Gerkon\NEW\system software\EWARM\config\Obj\chap_ms.o"
#        "D:\Work\Gerkon\NEW\system software\EWARM\config\Obj\cmsis_os.o"
#        "D:\Work\Gerkon\NEW\system software\EWARM\config\Obj\croutine.o"
#        "D:\Work\Gerkon\NEW\system software\EWARM\config\Obj\def.o"
#        "D:\Work\Gerkon\NEW\system software\EWARM\config\Obj\demand.o"
#        "D:\Work\Gerkon\NEW\system software\EWARM\config\Obj\dhcp.o"
#        "D:\Work\Gerkon\NEW\system software\EWARM\config\Obj\dhcp6.o"
#        "D:\Work\Gerkon\NEW\system software\EWARM\config\Obj\dns.o"
#        "D:\Work\Gerkon\NEW\system software\EWARM\config\Obj\dsp.o"
#        "D:\Work\Gerkon\NEW\system software\EWARM\config\Obj\eap.o"
#        "D:\Work\Gerkon\NEW\system software\EWARM\config\Obj\ecp.o"
#        "D:\Work\Gerkon\NEW\system software\EWARM\config\Obj\eeprom.o"
#        "D:\Work\Gerkon\NEW\system software\EWARM\config\Obj\err.o"
#        "D:\Work\Gerkon\NEW\system software\EWARM\config\Obj\etharp.o"
#        "D:\Work\Gerkon\NEW\system software\EWARM\config\Obj\ethernet.o"
#        "D:\Work\Gerkon\NEW\system software\EWARM\config\Obj\ethernetif.o"
#        "D:\Work\Gerkon\NEW\system software\EWARM\config\Obj\ethip6.o"
#        "D:\Work\Gerkon\NEW\system software\EWARM\config\Obj\eui64.o"
#        "D:\Work\Gerkon\NEW\system software\EWARM\config\Obj\event_groups.o"
#        "D:\Work\Gerkon\NEW\system software\EWARM\config\Obj\freertos.o"
#        "D:\Work\Gerkon\NEW\system software\EWARM\config\Obj\fs.o"
#        "D:\Work\Gerkon\NEW\system software\EWARM\config\Obj\fsm.o"
#        "D:\Work\Gerkon\NEW\system software\EWARM\config\Obj\heap_4.o"
#        "D:\Work\Gerkon\NEW\system software\EWARM\config\Obj\httpd.o"
#        "D:\Work\Gerkon\NEW\system software\EWARM\config\Obj\httpd_cgi_ssi.o"
#        "D:\Work\Gerkon\NEW\system software\EWARM\config\Obj\icmp.o"
#        "D:\Work\Gerkon\NEW\system software\EWARM\config\Obj\icmp6.o"
#        "D:\Work\Gerkon\NEW\system software\EWARM\config\Obj\if_api.o"
#        "D:\Work\Gerkon\NEW\system software\EWARM\config\Obj\igmp.o"
#        "D:\Work\Gerkon\NEW\system software\EWARM\config\Obj\inet6.o"
#        "D:\Work\Gerkon\NEW\system software\EWARM\config\Obj\inet_chksum.o"
#        "D:\Work\Gerkon\NEW\system software\EWARM\config\Obj\init.o"
#        "D:\Work\Gerkon\NEW\system software\EWARM\config\Obj\ip.o"
#        "D:\Work\Gerkon\NEW\system software\EWARM\config\Obj\ip4.o"
#        "D:\Work\Gerkon\NEW\system software\EWARM\config\Obj\ip4_addr.o"
#        "D:\Work\Gerkon\NEW\system software\EWARM\config\Obj\ip4_frag.o"
#        "D:\Work\Gerkon\NEW\system software\EWARM\config\Obj\ip6.o"
#        "D:\Work\Gerkon\NEW\system software\EWARM\config\Obj\ip6_addr.o"
#        "D:\Work\Gerkon\NEW\system software\EWARM\config\Obj\ip6_frag.o"
#        "D:\Work\Gerkon\NEW\system software\EWARM\config\Obj\ipcp.o"
#        "D:\Work\Gerkon\NEW\system software\EWARM\config\Obj\ipv6cp.o"
#        "D:\Work\Gerkon\NEW\system software\EWARM\config\Obj\lcp.o"
#        "D:\Work\Gerkon\NEW\system software\EWARM\config\Obj\list.o"
#        "D:\Work\Gerkon\NEW\system software\EWARM\config\Obj\lowpan6.o"
#        "D:\Work\Gerkon\NEW\system software\EWARM\config\Obj\lowpan6_ble.o"
#        "D:\Work\Gerkon\NEW\system software\EWARM\config\Obj\lowpan6_common.o"
#        "D:\Work\Gerkon\NEW\system software\EWARM\config\Obj\lwip.o"
#        "D:\Work\Gerkon\NEW\system software\EWARM\config\Obj\magic.o"
#        "D:\Work\Gerkon\NEW\system software\EWARM\config\Obj\main.o"
#        "D:\Work\Gerkon\NEW\system software\EWARM\config\Obj\mem.o"
#        "D:\Work\Gerkon\NEW\system software\EWARM\config\Obj\memp.o"
#        "D:\Work\Gerkon\NEW\system software\EWARM\config\Obj\mld6.o"
#        "D:\Work\Gerkon\NEW\system software\EWARM\config\Obj\mppe.o"
#        "D:\Work\Gerkon\NEW\system software\EWARM\config\Obj\mqtt.o"
#        "D:\Work\Gerkon\NEW\system software\EWARM\config\Obj\multilink.o"
#        "D:\Work\Gerkon\NEW\system software\EWARM\config\Obj\nd6.o"
#        "D:\Work\Gerkon\NEW\system software\EWARM\config\Obj\netbuf.o"
#        "D:\Work\Gerkon\NEW\system software\EWARM\config\Obj\netdb.o"
#        "D:\Work\Gerkon\NEW\system software\EWARM\config\Obj\netif.o"
#        "D:\Work\Gerkon\NEW\system software\EWARM\config\Obj\netifapi.o"
#        "D:\Work\Gerkon\NEW\system software\EWARM\config\Obj\pbuf.o"
#        "D:\Work\Gerkon\NEW\system software\EWARM\config\Obj\port.o"
#        "D:\Work\Gerkon\NEW\system software\EWARM\config\Obj\portasm.o"
#        "D:\Work\Gerkon\NEW\system software\EWARM\config\Obj\ppp.o"
#        "D:\Work\Gerkon\NEW\system software\EWARM\config\Obj\pppapi.o"
#        "D:\Work\Gerkon\NEW\system software\EWARM\config\Obj\pppcrypt.o"
#        "D:\Work\Gerkon\NEW\system software\EWARM\config\Obj\pppoe.o"
#        "D:\Work\Gerkon\NEW\system software\EWARM\config\Obj\pppol2tp.o"
#        "D:\Work\Gerkon\NEW\system software\EWARM\config\Obj\pppos.o"
#        "D:\Work\Gerkon\NEW\system software\EWARM\config\Obj\queue.o"
#        "D:\Work\Gerkon\NEW\system software\EWARM\config\Obj\raw.o"
#        "D:\Work\Gerkon\NEW\system software\EWARM\config\Obj\slipif.o"
#        "D:\Work\Gerkon\NEW\system software\EWARM\config\Obj\sockets.o"
#        "D:\Work\Gerkon\NEW\system
#        software\EWARM\config\Obj\startup_stm32f745xx.o"
#        "D:\Work\Gerkon\NEW\system software\EWARM\config\Obj\stats.o"
#        "D:\Work\Gerkon\NEW\system software\EWARM\config\Obj\stm32f7xx_hal.o"
#        "D:\Work\Gerkon\NEW\system
#        software\EWARM\config\Obj\stm32f7xx_hal_adc.o"
#        "D:\Work\Gerkon\NEW\system
#        software\EWARM\config\Obj\stm32f7xx_hal_adc_ex.o"
#        "D:\Work\Gerkon\NEW\system
#        software\EWARM\config\Obj\stm32f7xx_hal_cortex.o"
#        "D:\Work\Gerkon\NEW\system
#        software\EWARM\config\Obj\stm32f7xx_hal_dac.o"
#        "D:\Work\Gerkon\NEW\system
#        software\EWARM\config\Obj\stm32f7xx_hal_dac_ex.o"
#        "D:\Work\Gerkon\NEW\system
#        software\EWARM\config\Obj\stm32f7xx_hal_dma.o"
#        "D:\Work\Gerkon\NEW\system
#        software\EWARM\config\Obj\stm32f7xx_hal_dma_ex.o"
#        "D:\Work\Gerkon\NEW\system
#        software\EWARM\config\Obj\stm32f7xx_hal_eth.o"
#        "D:\Work\Gerkon\NEW\system
#        software\EWARM\config\Obj\stm32f7xx_hal_exti.o"
#        "D:\Work\Gerkon\NEW\system
#        software\EWARM\config\Obj\stm32f7xx_hal_flash.o"
#        "D:\Work\Gerkon\NEW\system
#        software\EWARM\config\Obj\stm32f7xx_hal_flash_ex.o"
#        "D:\Work\Gerkon\NEW\system
#        software\EWARM\config\Obj\stm32f7xx_hal_gpio.o"
#        "D:\Work\Gerkon\NEW\system
#        software\EWARM\config\Obj\stm32f7xx_hal_i2c.o"
#        "D:\Work\Gerkon\NEW\system
#        software\EWARM\config\Obj\stm32f7xx_hal_i2c_ex.o"
#        "D:\Work\Gerkon\NEW\system
#        software\EWARM\config\Obj\stm32f7xx_hal_msp.o"
#        "D:\Work\Gerkon\NEW\system
#        software\EWARM\config\Obj\stm32f7xx_hal_pwr.o"
#        "D:\Work\Gerkon\NEW\system
#        software\EWARM\config\Obj\stm32f7xx_hal_pwr_ex.o"
#        "D:\Work\Gerkon\NEW\system
#        software\EWARM\config\Obj\stm32f7xx_hal_rcc.o"
#        "D:\Work\Gerkon\NEW\system
#        software\EWARM\config\Obj\stm32f7xx_hal_rcc_ex.o"
#        "D:\Work\Gerkon\NEW\system
#        software\EWARM\config\Obj\stm32f7xx_hal_sdram.o"
#        "D:\Work\Gerkon\NEW\system
#        software\EWARM\config\Obj\stm32f7xx_hal_spi.o"
#        "D:\Work\Gerkon\NEW\system
#        software\EWARM\config\Obj\stm32f7xx_hal_spi_ex.o"
#        "D:\Work\Gerkon\NEW\system
#        software\EWARM\config\Obj\stm32f7xx_hal_tim.o"
#        "D:\Work\Gerkon\NEW\system
#        software\EWARM\config\Obj\stm32f7xx_hal_tim_ex.o"
#        "D:\Work\Gerkon\NEW\system software\EWARM\config\Obj\stm32f7xx_it.o"
#        "D:\Work\Gerkon\NEW\system
#        software\EWARM\config\Obj\stm32f7xx_ll_fmc.o"
#        "D:\Work\Gerkon\NEW\system software\EWARM\config\Obj\stream_buffer.o"
#        "D:\Work\Gerkon\NEW\system software\EWARM\config\Obj\sys.o"
#        "D:\Work\Gerkon\NEW\system software\EWARM\config\Obj\sys_arch.o"
#        "D:\Work\Gerkon\NEW\system
#        software\EWARM\config\Obj\system_stm32f7xx.o"
#        "D:\Work\Gerkon\NEW\system software\EWARM\config\Obj\tasks.o"
#        "D:\Work\Gerkon\NEW\system software\EWARM\config\Obj\tcp.o"
#        "D:\Work\Gerkon\NEW\system software\EWARM\config\Obj\tcp_in.o"
#        "D:\Work\Gerkon\NEW\system software\EWARM\config\Obj\tcp_out.o"
#        "D:\Work\Gerkon\NEW\system software\EWARM\config\Obj\tcpip.o"
#        "D:\Work\Gerkon\NEW\system software\EWARM\config\Obj\timeouts.o"
#        "D:\Work\Gerkon\NEW\system software\EWARM\config\Obj\timers.o"
#        "D:\Work\Gerkon\NEW\system software\EWARM\config\Obj\udp.o"
#        "D:\Work\Gerkon\NEW\system software\EWARM\config\Obj\upap.o"
#        "D:\Work\Gerkon\NEW\system software\EWARM\config\Obj\utils.o"
#        "D:\Work\Gerkon\NEW\system software\EWARM\config\Obj\vj.o"
#        "D:\Work\Gerkon\NEW\system software\EWARM\config\Obj\zepif.o"
#        --redirect _Printf=_PrintfFull --redirect _Scanf=_ScanfFull
#        --no_out_extension -o "D:\Work\Gerkon\NEW\system
#        software\EWARM\config\Exe\config.out" --map "D:\Work\Gerkon\NEW\system
#        software\EWARM\config\List\config.map" --config
#        "D:\Work\Gerkon\NEW\system software\EWARM/stm32f745xx_flash.icf"
#        --semihosting --entry __iar_program_start --vfe --text_out locale)
#
###############################################################################

*******************************************************************************
*** RUNTIME MODEL ATTRIBUTES
***

CppFlavor       = *
__Heap_Handler  = Basic
__SystemLibrary = DLib
__dlib_version  = 6


*******************************************************************************
*** HEAP SELECTION
***

The basic heap was selected because no calls to memory allocation
functions were found in the application outside of system library
functions, and there are calls to deallocation functions in the
application.


*******************************************************************************
*** PLACEMENT SUMMARY
***

"A0":  place at 0x800'0000 { ro section .intvec };
"P1":  place in [from 0x800'0000 to 0x80f'ffff] { ro };
define block CSTACK with size = 1K, alignment = 8 { };
define block HEAP with size = 512, alignment = 8 { };
"P2":  place in [from 0x2000'0000 to 0x2004'afff] {
          rw, block CSTACK, block HEAP };
"P3":  place in [from 0x2004'b000 to 0x2004'ffff] { rw section VARIABLE_MASS };
initialize by copy { rw };

  Section            Kind         Address     Size  Object
  -------            ----         -------     ----  ------
"A0":                                        0x1c8
  .intvec            ro code   0x800'0000    0x1c8  startup_stm32f745xx.o [1]
                             - 0x800'01c8    0x1c8

"P1":                                      0x21592
  .rodata            const     0x800'01c8   0x2198  fs.o [1]
  .rodata            const     0x800'2360   0x1e4c  fs.o [1]
  .text              ro code   0x800'41ac   0x1c14  tcp_in.o [1]
  .text              ro code   0x800'5dc0     0x28  printf.o [2]
  .text              ro code   0x800'5de8     0x50  ip4_addr.o [1]
  .text              ro code   0x800'5e38     0x2c  def.o [1]
  .text              ro code   0x800'5e64    0x9f0  pbuf.o [1]
  .text              ro code   0x800'6854   0x1536  tcp.o [1]
  .text              ro code   0x800'7d8a     0x7a  lz77_init_single.o [4]
  .text              ro code   0x800'7e04   0x19a4  tcp_out.o [1]
  .text              ro code   0x800'97a8    0x218  timeouts.o [1]
  .text              ro code   0x800'99c0    0x448  ip4.o [1]
  .text              ro code   0x800'9e08    0xf7a  xprintffull.o [2]
  .text              ro code   0x800'ad82     0x3a  zero_init3.o [4]
  .text              ro code   0x800'adbc    0x164  sys_arch.o [1]
  .text              ro code   0x800'af20    0x268  tcpip.o [1]
  .text              ro code   0x800'b188    0x144  memp.o [1]
  .text              ro code   0x800'b2cc    0x6b8  mem.o [1]
  .text              ro code   0x800'b984     0xa6  ABImemcpy.o [4]
  .text              ro code   0x800'ba2a     0x1e  xencoding_8859_1.o [2]
  .text              ro code   0x800'ba48     0xa4  rand.o [2]
  .text              ro code   0x800'baec     0x66  ABImemset.o [4]
  .text              ro code   0x800'bb52      0xa  xsprout.o [2]
  .text              ro code   0x800'bb5c    0x45c  netif.o [1]
  .text              ro code   0x800'bfb8    0x682  ethernetif.o [1]
  .rodata            const     0x800'c63a      0x2  httpd_cgi_ssi.o [1]
  .text              ro code   0x800'c63c    0xa80  ip4_frag.o [1]
  .text              ro code   0x800'd0bc    0x7bc  udp.o [1]
  .text              ro code   0x800'd878    0x2c0  icmp.o [1]
  .text              ro code   0x800'db38     0xa4  xlocale_c.o [2]
  .text              ro code   0x800'dbdc     0x16  strchr.o [4]
  .text              ro code   0x800'dbf4     0x40  xfail_s.o [2]
  .text              ro code   0x800'dc34     0x36  strlen.o [4]
  .text              ro code   0x800'dc6c     0x58  memchr.o [4]
  .text              ro code   0x800'dcc4      0xa  xmbcurmax.o [2]
  .text              ro code   0x800'dcd0    0x230  I64DivMod.o [4]
  .text              ro code   0x800'df00    0x1a2  DblMul.o [3]
  .text              ro code   0x800'e0a4     0x70  frexp.o [3]
  .text              ro code   0x800'e114     0x2e  DblCmpLe.o [3]
  .text              ro code   0x800'e144     0x2e  DblCmpGe.o [3]
  .text              ro code   0x800'e174    0x13a  ldexp.o [3]
  .text              ro code   0x800'e2b0     0x3a  DblToS32.o [3]
  .text              ro code   0x800'e2ec     0x22  S32ToDbl.o [3]
  .text              ro code   0x800'e310     0xe2  DblSub.o [3]
  .text              ro code   0x800'e3f4    0x246  DblDiv.o [3]
  .text              ro code   0x800'e63c     0x28  DblToU32.o [3]
  .text              ro code   0x800'e664     0x1a  U32ToDbl.o [3]
  .text              ro code   0x800'e680    0x434  cmsis_os.o [1]
  .text              ro code   0x800'eab4      0x6  ABImemclr4.o [4]
  .text              ro code   0x800'eabc     0x48  init.o [1]
  .text              ro code   0x800'eb04    0xb30  etharp.o [1]
  .text              ro code   0x800'f634   0x167a  dhcp.o [1]
  .text              ro code   0x801'0cb0    0x2a0  stm32f7xx_hal_gpio.o [1]
  .text              ro code   0x801'0f50    0x158  stm32f7xx_hal_cortex.o [1]
  .text              ro code   0x801'10a8     0xa0  eeprom.o [1]
  .text              ro code   0x801'1148    0xccc  stm32f7xx_hal_eth.o [1]
  .text              ro code   0x801'1e14      0xc  stm32f7xx_hal.o [1]
  .text              ro code   0x801'1e20      0x6  abort.o [2]
  .text              ro code   0x801'1e28      0x2  I64DivZer.o [4]
  .text              ro code   0x801'1e2c    0x17a  DblAdd.o [3]
  .text              ro code   0x801'1fa8    0xc58  tasks.o [1]
  .text              ro code   0x801'2c00    0xb64  queue.o [1]
  .text              ro code   0x801'3764     0x32  ABImemset48.o [4]
  .text              ro code   0x801'3798    0x158  ethernet.o [1]
  .text              ro code   0x801'38f0    0x7e4  stm32f7xx_hal_i2c.o [1]
  .text              ro code   0x801'40d4    0x66c  stm32f7xx_hal_rcc.o [1]
  .text              ro code   0x801'4740     0x28  stm32f7xx_hal.o [1]
  .text              ro code   0x801'4768      0x2  stm32f7xx_hal_eth.o [1]
  .text              ro code   0x801'476a      0x2  stm32f7xx_hal_eth.o [1]
  .text              ro code   0x801'476c     0x14  exit.o [5]
  .text              ro code   0x801'4780    0x288  heap_4.o [1]
  .text              ro code   0x801'4a08     0x9a  list.o [1]
  .text              ro code   0x801'4aa4    0x244  port.o [1]
  .text              ro code   0x801'4ce8     0x18  freertos.o [1]
  .text              ro code   0x801'4d00     0x68  memcmp.o [4]
  .text              ro code   0x801'4d68    0x3e0  stm32f7xx_hal_msp.o [1]
  .text              ro code   0x801'5148     0x4c  stm32f7xx_hal.o [1]
  .text              ro code   0x801'5194     0x80  iarttio.o [5]
  CODE               ro code   0x801'5214     0xb4  portasm.o [1]
  .text              ro code   0x801'52c8    0x48c  stm32f7xx_hal_dma.o [1]
  .text              ro code   0x801'5754    0x9a2  main.o [1]
  .text              ro code   0x801'60f8     0x3c  XShttio.o [2]
  .text              ro code   0x801'6134     0x24  stm32f7xx_hal.o [1]
  .text              ro code   0x801'6158     0x78  stm32f7xx_hal_pwr_ex.o [1]
  .text              ro code   0x801'61d0    0x56c  stm32f7xx_hal_rcc_ex.o [1]
  .text              ro code   0x801'673c    0x4b8  stm32f7xx_hal_adc.o [1]
  .text              ro code   0x801'6bf4    0x21a  stm32f7xx_hal_adc_ex.o [1]
  .text              ro code   0x801'6e10     0xb6  stm32f7xx_hal_dac.o [1]
  .text              ro code   0x801'6ec8     0xc6  stm32f7xx_hal_i2c_ex.o [1]
  .text              ro code   0x801'6f90    0x886  stm32f7xx_hal_tim.o [1]
  .text              ro code   0x801'7818    0x158  stm32f7xx_hal_tim_ex.o [1]
  .text              ro code   0x801'7970     0x80  stm32f7xx_hal_sdram.o [1]
  .text              ro code   0x801'79f0    0x51e  stm32f7xx_hal_spi.o [1]
  .text              ro code   0x801'7f10    0x1a4  lwip.o [1]
  .text              ro code   0x801'80b4   0x101c  httpd.o [1]
  .text              ro code   0x801'90d0    0x4f4  analog.o [1]
  .text              ro code   0x801'95c4      0x2  stm32f7xx_hal_adc.o [1]
  .text              ro code   0x801'95c6      0x2  stm32f7xx_hal_tim.o [1]
  .text              ro code   0x801'95c8      0x2  stm32f7xx_hal_tim.o [1]
  .text              ro code   0x801'95ca      0x2  stm32f7xx_hal_tim.o [1]
  .text              ro code   0x801'95cc      0x2  stm32f7xx_hal_tim.o [1]
  .text              ro code   0x801'95ce      0x2  stm32f7xx_hal_tim.o [1]
  .text              ro code   0x801'95d0      0x2  stm32f7xx_hal_tim_ex.o [1]
  .text              ro code   0x801'95d2      0x2  stm32f7xx_hal_tim_ex.o [1]
  .text              ro code   0x801'95d4      0x2  stm32f7xx_hal_tim.o [1]
  .text              ro code   0x801'95d6      0x2  stm32f7xx_hal_tim_ex.o [1]
  .text              ro code   0x801'95d8    0x150  stm32f7xx_ll_fmc.o [1]
  .text              ro code   0x801'9728     0x28  strncmp.o [2]
  .text              ro code   0x801'9750    0x10c  fs.o [1]
  .text              ro code   0x801'985c     0x4a  strcmp.o [4]
  .text              ro code   0x801'98a6     0x30  strstr.o [2]
  .text              ro code   0x801'98d8    0xeac  httpd_cgi_ssi.o [1]
  .text              ro code   0x801'a784    0x794  dsp.o [1]
  .text              ro code   0x801'af18     0x40  sprintf.o [2]
  .text              ro code   0x801'af58     0x4c  strcpy.o [4]
  .text              ro code   0x801'afa4    0x174  iar_Stoulx.o [2]
  .text              ro code   0x801'b118     0x48  FltToDbl.o [3]
  .text              ro code   0x801'b160     0x68  DblToFlt.o [3]
  .text              ro code   0x801'b1c8      0x8  abs.o [2]
  .text              ro code   0x801'b1d0     0x14  isspace.o [2]
  .text              ro code   0x801'b1e4     0x14  tolower.o [2]
  .rodata            const     0x801'b1f8    0xfe8  fs.o [1]
  .rodata            const     0x801'c1e0    0xde4  fs.o [1]
  .text              ro code   0x801'cfc4    0x140  heap0.o [2]
  .text              ro code   0x801'd104     0x2c  xgetmemchunk.o [2]
  .text              ro code   0x801'd130    0x102  sqrt.o [3]
  .text              ro code   0x801'd232     0xd8  xfspos.o [2]
  .text              ro code   0x801'd30c     0xac  fflush.o [2]
  .text              ro code   0x801'd3b8      0xc  xfgpos.o [2]
  .text              ro code   0x801'd3c4     0x4a  lseek.o [5]
  .text              ro code   0x801'd40e     0x10  write.o [5]
  .text              ro code   0x801'd420     0xcc  XShHandles.o [2]
  .text              ro code   0x801'd4ec     0x1e  dwrite.o [5]
  .text              ro code   0x801'd50a     0x20  iarwstd.o [5]
  .text              ro code   0x801'd52a     0x22  iarwrite.o [5]
  .text              ro code   0x801'd54c     0xb4  xfwprep.o [2]
  .text              ro code   0x801'd600     0x24  fseek.o [2]
  .text              ro code   0x801'd624     0x8c  xfofind.o [2]
  .text              ro code   0x801'd6b0      0x4  heaptramp0.o [2]
  .text              ro code   0x801'd6b4     0x7e  fclose.o [2]
  .text              ro code   0x801'd732     0x18  close.o [5]
  .text              ro code   0x801'd74a     0x14  remove.o [5]
  .rodata            const     0x801'd760     0x5c  ip4_frag.o [1]
  .rodata            const     0x801'd7bc     0x58  dhcp.o [1]
  .rodata            const     0x801'd814     0x58  etharp.o [1]
  .rodata            const     0x801'd86c     0x58  ethernet.o [1]
  .rodata            const     0x801'd8c4     0x58  icmp.o [1]
  .rodata            const     0x801'd91c     0x58  tcp_out.o [1]
  .rodata            const     0x801'd974     0x54  ip4.o [1]
  .rodata            const     0x801'd9c8     0x54  netif.o [1]
  .rodata            const     0x801'da1c     0x54  tcp_in.o [1]
  .rodata            const     0x801'da70     0x54  tcp_out.o [1]
  .rodata            const     0x801'dac4     0x54  timeouts.o [1]
  .text              ro code   0x801'db18     0x54  fputc.o [2]
  .rodata            const     0x801'db6c     0x50  init.o [1]
  .rodata            const     0x801'dbbc     0x50  mem.o [1]
  .rodata            const     0x801'dc0c     0x50  memp.o [1]
  .rodata            const     0x801'dc5c     0x50  pbuf.o [1]
  .rodata            const     0x801'dcac     0x50  tcp.o [1]
  .rodata            const     0x801'dcfc     0x50  tcpip.o [1]
  .rodata            const     0x801'dd4c     0x50  udp.o [1]
  .rodata            const     0x801'dd9c     0x44  dhcp.o [1]
  .rodata            const     0x801'dde0     0x44  etharp.o [1]
  .rodata            const     0x801'de24     0x44  init.o [1]
  .rodata            const     0x801'de68     0x40  dhcp.o [1]
  .rodata            const     0x801'dea8     0x40  etharp.o [1]
  .rodata            const     0x801'dee8     0x40  tcp_out.o [1]
  .rodata            const     0x801'df28     0x40  timeouts.o [1]
  .rodata            const     0x801'df68     0x3c  dhcp.o [1]
  .rodata            const     0x801'dfa4     0x3c  dhcp.o [1]
  .rodata            const     0x801'dfe0     0x3c  ethernetif.o [1]
  .rodata            const     0x801'e01c     0x3c  tcp_in.o [1]
  .rodata            const     0x801'e058     0x3c  tcp_out.o [1]
  .rodata            const     0x801'e094     0x3c  tcp_out.o [1]
  .text              ro code   0x801'e0d0     0x3c  stm32f7xx_it.o [1]
  .text              ro code   0x801'e10c     0x18  stm32f7xx_hal.o [1]
  .text              ro code   0x801'e124     0x3c  xcloseall.o [2]
  .rodata            const     0x801'e160     0x38  dhcp.o [1]
  .rodata            const     0x801'e198     0x38  icmp.o [1]
  .rodata            const     0x801'e1d0     0x38  ip4_frag.o [1]
  .rodata            const     0x801'e208     0x38  pbuf.o [1]
  .rodata            const     0x801'e240     0x38  tcp.o [1]
  .rodata            const     0x801'e278     0x38  tcp.o [1]
  .rodata            const     0x801'e2b0     0x38  tcp_in.o [1]
  .rodata            const     0x801'e2e8     0x38  tcp_out.o [1]
  .rodata            const     0x801'e320     0x38  tcp_out.o [1]
  .rodata            const     0x801'e358     0x38  timeouts.o [1]
  .rodata            const     0x801'e390     0x34  etharp.o [1]
  .rodata            const     0x801'e3c4     0x34  ethernet.o [1]
  .rodata            const     0x801'e3f8     0x34  icmp.o [1]
  .rodata            const     0x801'e42c     0x34  mem.o [1]
  .rodata            const     0x801'e460     0x34  memp.o [1]
  .rodata            const     0x801'e494     0x34  pbuf.o [1]
  .rodata            const     0x801'e4c8     0x34  tcp.o [1]
  .rodata            const     0x801'e4fc     0x34  tcp.o [1]
  .rodata            const     0x801'e530     0x34  tcp.o [1]
  .rodata            const     0x801'e564     0x34  tcp_out.o [1]
  .rodata            const     0x801'e598     0x34  tcp_out.o [1]
  .rodata            const     0x801'e5cc     0x30  etharp.o [1]
  .rodata            const     0x801'e5fc     0x30  httpd.o [1]
  .rodata            const     0x801'e62c     0x30  ip4.o [1]
  .rodata            const     0x801'e65c     0x30  mem.o [1]
  .rodata            const     0x801'e68c     0x30  mem.o [1]
  .rodata            const     0x801'e6bc     0x30  netif.o [1]
  .rodata            const     0x801'e6ec     0x30  pbuf.o [1]
  .rodata            const     0x801'e71c     0x30  pbuf.o [1]
  .rodata            const     0x801'e74c     0x30  pbuf.o [1]
  .rodata            const     0x801'e77c     0x30  tcp.o [1]
  .rodata            const     0x801'e7ac     0x30  tcp.o [1]
  .rodata            const     0x801'e7dc     0x30  tcp.o [1]
  .rodata            const     0x801'e80c     0x30  tcp_in.o [1]
  .rodata            const     0x801'e83c     0x30  tcp_out.o [1]
  .rodata            const     0x801'e86c     0x30  tcp_out.o [1]
  .rodata            const     0x801'e89c     0x30  udp.o [1]
  .rodata            const     0x801'e8cc     0x2c  etharp.o [1]
  .rodata            const     0x801'e8f8     0x2c  httpd.o [1]
  .rodata            const     0x801'e924     0x2c  httpd.o [1]
  .rodata            const     0x801'e950     0x2c  icmp.o [1]
  .rodata            const     0x801'e97c     0x2c  mem.o [1]
  .rodata            const     0x801'e9a8     0x2c  pbuf.o [1]
  .rodata            const     0x801'e9d4     0x2c  pbuf.o [1]
  .rodata            const     0x801'ea00     0x2c  tcp.o [1]
  .rodata            const     0x801'ea2c     0x2c  tcp.o [1]
  .rodata            const     0x801'ea58     0x2c  tcp.o [1]
  .rodata            const     0x801'ea84     0x2c  tcp.o [1]
  .rodata            const     0x801'eab0     0x2c  tcp_in.o [1]
  .rodata            const     0x801'eadc     0x2c  tcp_in.o [1]
  .rodata            const     0x801'eb08     0x2c  tcp_in.o [1]
  .rodata            const     0x801'eb34     0x2c  tcp_out.o [1]
  .rodata            const     0x801'eb60     0x2c  tcp_out.o [1]
  .rodata            const     0x801'eb8c     0x2c  tcp_out.o [1]
  .rodata            const     0x801'ebb8     0x28  dhcp.o [1]
  .rodata            const     0x801'ebe0     0x28  dhcp.o [1]
  .rodata            const     0x801'ec08     0x28  etharp.o [1]
  .rodata            const     0x801'ec30     0x28  etharp.o [1]
  .rodata            const     0x801'ec58     0x28  ethernet.o [1]
  .rodata            const     0x801'ec80     0x28  ethernetif.o [1]
  .rodata            const     0x801'eca8     0x28  httpd.o [1]
  .rodata            const     0x801'ecd0     0x28  httpd.o [1]
  .rodata            const     0x801'ecf8     0x28  icmp.o [1]
  .rodata            const     0x801'ed20     0x28  init.o [1]
  .rodata            const     0x801'ed48     0x28  ip4.o [1]
  .rodata            const     0x801'ed70     0x28  ip4_frag.o [1]
  .rodata            const     0x801'ed98     0x28  mem.o [1]
  .rodata            const     0x801'edc0     0x28  mem.o [1]
  .rodata            const     0x801'ede8     0x28  memp.o [1]
  .rodata            const     0x801'ee10     0x28  netif.o [1]
  .rodata            const     0x801'ee38     0x28  pbuf.o [1]
  .rodata            const     0x801'ee60     0x28  tcp.o [1]
  .rodata            const     0x801'ee88     0x28  tcp.o [1]
  .rodata            const     0x801'eeb0     0x28  tcp.o [1]
  .rodata            const     0x801'eed8     0x28  tcp.o [1]
  .rodata            const     0x801'ef00     0x28  tcp.o [1]
  .rodata            const     0x801'ef28     0x28  tcp.o [1]
  .rodata            const     0x801'ef50     0x28  tcp.o [1]
  .rodata            const     0x801'ef78     0x28  tcp.o [1]
  .rodata            const     0x801'efa0     0x28  tcp.o [1]
  .rodata            const     0x801'efc8     0x28  tcp.o [1]
  .rodata            const     0x801'eff0     0x28  tcp.o [1]
  .rodata            const     0x801'f018     0x28  tcp_in.o [1]
  .rodata            const     0x801'f040     0x28  tcp_in.o [1]
  .rodata            const     0x801'f068     0x28  tcp_in.o [1]
  .rodata            const     0x801'f090     0x28  tcp_in.o [1]
  .rodata            const     0x801'f0b8     0x28  tcp_in.o [1]
  .rodata            const     0x801'f0e0     0x28  tcp_in.o [1]
  .rodata            const     0x801'f108     0x28  tcp_in.o [1]
  .rodata            const     0x801'f130     0x28  tcp_out.o [1]
  .rodata            const     0x801'f158     0x28  tcp_out.o [1]
  .rodata            const     0x801'f180     0x28  tcp_out.o [1]
  .rodata            const     0x801'f1a8     0x28  tcp_out.o [1]
  .rodata            const     0x801'f1d0     0x28  tcp_out.o [1]
  .rodata            const     0x801'f1f8     0x28  tcp_out.o [1]
  .rodata            const     0x801'f220     0x28  tcpip.o [1]
  .rodata            const     0x801'f248     0x28  timeouts.o [1]
  .rodata            const     0x801'f270     0x28  timeouts.o [1]
  .rodata            const     0x801'f298     0x28  udp.o [1]
  .rodata            const     0x801'f2c0     0x28  udp.o [1]
  .text              ro code   0x801'f2e8     0x28  data_init.o [4]
  .rodata            const     0x801'f310     0x24  dhcp.o [1]
  .rodata            const     0x801'f334     0x24  dhcp.o [1]
  .rodata            const     0x801'f358     0x24  etharp.o [1]
  .rodata            const     0x801'f37c     0x24  httpd.o [1]
  .rodata            const     0x801'f3a0     0x24  httpd.o [1]
  .rodata            const     0x801'f3c4     0x24  ip4_frag.o [1]
  .rodata            const     0x801'f3e8     0x24  ip4_frag.o [1]
  .rodata            const     0x801'f40c     0x24  mem.o [1]
  .rodata            const     0x801'f430     0x24  mem.o [1]
  .rodata            const     0x801'f454     0x24  memp.o [1]
  .rodata            const     0x801'f478     0x24  netif.o [1]
  .rodata            const     0x801'f49c     0x24  netif.o [1]
  .rodata            const     0x801'f4c0     0x24  netif.o [1]
  .rodata            const     0x801'f4e4     0x24  netif.o [1]
  .rodata            const     0x801'f508     0x24  pbuf.o [1]
  .rodata            const     0x801'f52c     0x24  pbuf.o [1]
  .rodata            const     0x801'f550     0x24  tcp.o [1]
  .rodata            const     0x801'f574     0x24  tcp_out.o [1]
  .rodata            const     0x801'f598     0x24  tcp_out.o [1]
  .rodata            const     0x801'f5bc     0x24  tcp_out.o [1]
  .rodata            const     0x801'f5e0     0x24  tcp_out.o [1]
  .rodata            const     0x801'f604     0x24  tcp_out.o [1]
  .rodata            const     0x801'f628     0x24  tcp_out.o [1]
  .rodata            const     0x801'f64c     0x24  tcp_out.o [1]
  .rodata            const     0x801'f670     0x24  tcp_out.o [1]
  .rodata            const     0x801'f694     0x24  tcpip.o [1]
  .rodata            const     0x801'f6b8     0x24  tcpip.o [1]
  .rodata            const     0x801'f6dc     0x24  udp.o [1]
  .rodata            const     0x801'f700     0x24  udp.o [1]
  .rodata            const     0x801'f724     0x24  udp.o [1]
  .rodata            const     0x801'f748     0x24  udp.o [1]
  .text              ro code   0x801'f76c     0x22  fpinit_M.o [3]
  .iar.init_table    const     0x801'f790     0x38  - Linker created -
  .rodata            const     0x801'f7c8     0x20  dhcp.o [1]
  .rodata            const     0x801'f7e8     0x20  dhcp.o [1]
  .rodata            const     0x801'f808     0x20  httpd.o [1]
  .rodata            const     0x801'f828     0x20  httpd.o [1]
  .rodata            const     0x801'f848     0x20  ip4_frag.o [1]
  .rodata            const     0x801'f868     0x20  ip4_frag.o [1]
  .rodata            const     0x801'f888     0x20  ip4_frag.o [1]
  .rodata            const     0x801'f8a8     0x20  ip4_frag.o [1]
  .rodata            const     0x801'f8c8     0x20  mem.o [1]
  .rodata            const     0x801'f8e8     0x20  memp.o [1]
  .rodata            const     0x801'f908     0x20  memp.o [1]
  .rodata            const     0x801'f928     0x20  netif.o [1]
  .rodata            const     0x801'f948     0x20  pbuf.o [1]
  .rodata            const     0x801'f968     0x20  pbuf.o [1]
  .rodata            const     0x801'f988     0x20  tcp.o [1]
  .rodata            const     0x801'f9a8     0x20  tcp.o [1]
  .rodata            const     0x801'f9c8     0x20  tcp.o [1]
  .rodata            const     0x801'f9e8     0x20  tcp.o [1]
  .rodata            const     0x801'fa08     0x20  tcp_in.o [1]
  .rodata            const     0x801'fa28     0x20  tcp_in.o [1]
  .rodata            const     0x801'fa48     0x20  tcp_in.o [1]
  .rodata            const     0x801'fa68     0x20  tcp_in.o [1]
  .rodata            const     0x801'fa88     0x20  tcp_in.o [1]
  .rodata            const     0x801'faa8     0x20  tcp_in.o [1]
  .rodata            const     0x801'fac8     0x20  tcp_in.o [1]
  .rodata            const     0x801'fae8     0x20  tcp_out.o [1]
  .rodata            const     0x801'fb08     0x20  tcp_out.o [1]
  .rodata            const     0x801'fb28     0x20  tcp_out.o [1]
  .rodata            const     0x801'fb48     0x20  tcp_out.o [1]
  .rodata            const     0x801'fb68     0x20  tcp_out.o [1]
  .rodata            const     0x801'fb88     0x20  tcp_out.o [1]
  .rodata            const     0x801'fba8     0x20  tcp_out.o [1]
  .rodata            const     0x801'fbc8     0x20  tcp_out.o [1]
  .rodata            const     0x801'fbe8     0x20  tcp_out.o [1]
  .rodata            const     0x801'fc08     0x20  tcp_out.o [1]
  .rodata            const     0x801'fc28     0x20  tcp_out.o [1]
  .rodata            const     0x801'fc48     0x20  tcpip.o [1]
  .rodata            const     0x801'fc68     0x20  udp.o [1]
  .rodata            const     0x801'fc88     0x20  udp.o [1]
  .rodata            const     0x801'fca8     0x20  udp.o [1]
  .rodata            const     0x801'fcc8     0x20  udp.o [1]
  .text              ro code   0x801'fce8     0x1e  cmain.o [4]
  .text              ro code   0x801'fd06      0x4  low_level_init.o [2]
  .text              ro code   0x801'fd0a      0x4  exit.o [2]
  .text              ro code   0x801'fd10      0xe  cexit.o [4]
  .rodata            const     0x801'fd20     0x1c  dhcp.o [1]
  .rodata            const     0x801'fd3c     0x1c  dhcp.o [1]
  .rodata            const     0x801'fd58     0x1c  dhcp.o [1]
  .rodata            const     0x801'fd74     0x1c  etharp.o [1]
  .rodata            const     0x801'fd90     0x1c  ethernetif.o [1]
  .rodata            const     0x801'fdac     0x1c  httpd.o [1]
  .rodata            const     0x801'fdc8     0x1c  httpd.o [1]
  .rodata            const     0x801'fde4     0x1c  httpd.o [1]
  .rodata            const     0x801'fe00     0x1c  ip4_frag.o [1]
  .rodata            const     0x801'fe1c     0x1c  ip4_frag.o [1]
  .rodata            const     0x801'fe38     0x1c  ip4_frag.o [1]
  .rodata            const     0x801'fe54     0x1c  lwip.o [1]
  .rodata            const     0x801'fe70     0x1c  main.o [1]
  .rodata            const     0x801'fe8c     0x1c  main.o [1]
  .rodata            const     0x801'fea8     0x1c  main.o [1]
  .rodata            const     0x801'fec4     0x1c  mem.o [1]
  .rodata            const     0x801'fee0     0x1c  mem.o [1]
  .rodata            const     0x801'fefc     0x1c  mem.o [1]
  .rodata            const     0x801'ff18     0x1c  mem.o [1]
  .rodata            const     0x801'ff34     0x1c  mem.o [1]
  .rodata            const     0x801'ff50     0x1c  memp.o [1]
  .rodata            const     0x801'ff6c     0x1c  netif.o [1]
  .rodata            const     0x801'ff88     0x1c  netif.o [1]
  .rodata            const     0x801'ffa4     0x1c  pbuf.o [1]
  .rodata            const     0x801'ffc0     0x1c  pbuf.o [1]
  .rodata            const     0x801'ffdc     0x1c  pbuf.o [1]
  .rodata            const     0x801'fff8     0x1c  tcp.o [1]
  .rodata            const     0x802'0014     0x1c  tcp.o [1]
  .rodata            const     0x802'0030     0x1c  tcp.o [1]
  .rodata            const     0x802'004c     0x1c  tcp.o [1]
  .rodata            const     0x802'0068     0x1c  tcp.o [1]
  .rodata            const     0x802'0084     0x1c  tcp.o [1]
  .rodata            const     0x802'00a0     0x1c  tcp.o [1]
  .rodata            const     0x802'00bc     0x1c  tcp.o [1]
  .rodata            const     0x802'00d8     0x1c  tcp.o [1]
  .rodata            const     0x802'00f4     0x1c  tcp.o [1]
  .rodata            const     0x802'0110     0x1c  tcp.o [1]
  .rodata            const     0x802'012c     0x1c  tcp_in.o [1]
  .rodata            const     0x802'0148     0x1c  tcp_in.o [1]
  .rodata            const     0x802'0164     0x1c  tcp_in.o [1]
  .rodata            const     0x802'0180     0x1c  tcp_in.o [1]
  .rodata            const     0x802'019c     0x1c  tcp_in.o [1]
  .rodata            const     0x802'01b8     0x1c  tcp_out.o [1]
  .rodata            const     0x802'01d4     0x1c  tcp_out.o [1]
  .rodata            const     0x802'01f0     0x1c  tcp_out.o [1]
  .rodata            const     0x802'020c     0x1c  tcp_out.o [1]
  .rodata            const     0x802'0228     0x1c  tcp_out.o [1]
  .rodata            const     0x802'0244     0x1c  udp.o [1]
  .rodata            const     0x802'0260     0x1c  udp.o [1]
  .rodata            const     0x802'027c     0x1c  udp.o [1]
  .rodata            const     0x802'0298     0x1c  udp.o [1]
  .rodata            const     0x802'02b4     0x1c  udp.o [1]
  .rodata            const     0x802'02d0     0x1c  udp.o [1]
  .rodata            const     0x802'02ec     0x18  dhcp.o [1]
  .rodata            const     0x802'0304     0x18  dhcp.o [1]
  .rodata            const     0x802'031c     0x18  dhcp.o [1]
  .rodata            const     0x802'0334     0x18  etharp.o [1]
  .rodata            const     0x802'034c     0x18  httpd.o [1]
  .rodata            const     0x802'0364     0x18  httpd.o [1]
  .rodata            const     0x802'037c     0x18  httpd.o [1]
  .rodata            const     0x802'0394     0x18  mem.o [1]
  .rodata            const     0x802'03ac     0x18  mem.o [1]
  .rodata            const     0x802'03c4     0x18  pbuf.o [1]
  .rodata            const     0x802'03dc     0x18  pbuf.o [1]
  .rodata            const     0x802'03f4     0x18  pbuf.o [1]
  .rodata            const     0x802'040c     0x18  pbuf.o [1]
  .rodata            const     0x802'0424     0x18  tcp.o [1]
  .rodata            const     0x802'043c     0x18  tcp.o [1]
  .rodata            const     0x802'0454     0x18  tcp.o [1]
  .rodata            const     0x802'046c     0x18  tcp.o [1]
  .rodata            const     0x802'0484     0x18  tcp.o [1]
  .rodata            const     0x802'049c     0x18  tcp.o [1]
  .rodata            const     0x802'04b4     0x18  tcp.o [1]
  .rodata            const     0x802'04cc     0x18  tcp_in.o [1]
  .rodata            const     0x802'04e4     0x18  tcp_in.o [1]
  .rodata            const     0x802'04fc     0x18  tcp_out.o [1]
  .rodata            const     0x802'0514     0x18  tcp_out.o [1]
  .rodata            const     0x802'052c     0x18  tcp_out.o [1]
  .rodata            const     0x802'0544     0x18  tcp_out.o [1]
  .rodata            const     0x802'055c     0x18  tcp_out.o [1]
  .rodata            const     0x802'0574     0x18  tcp_out.o [1]
  .rodata            const     0x802'058c     0x18  tcp_out.o [1]
  .rodata            const     0x802'05a4     0x18  udp.o [1]
  .rodata            const     0x802'05bc     0x18  udp.o [1]
  .rodata            const     0x802'05d4     0x18  udp.o [1]
  .rodata            const     0x802'05ec     0x18  udp.o [1]
  .text              ro code   0x802'0604     0x16  xprout.o [2]
  .text              ro code   0x802'061c      0xc  putchar.o [2]
  .rodata            const     0x802'0628     0x14  dhcp.o [1]
  .rodata            const     0x802'063c     0x14  dhcp.o [1]
  .rodata            const     0x802'0650     0x14  dhcp.o [1]
  .rodata            const     0x802'0664     0x14  dhcp.o [1]
  .rodata            const     0x802'0678     0x14  dhcp.o [1]
  .rodata            const     0x802'068c     0x14  etharp.o [1]
  .rodata            const     0x802'06a0     0x14  fs.o [1]
  .rodata            const     0x802'06b4     0x14  fs.o [1]
  .rodata            const     0x802'06c8     0x14  fs.o [1]
  .rodata            const     0x802'06dc     0x14  fs.o [1]
  .rodata            const     0x802'06f0     0x14  httpd.o [1]
  .rodata            const     0x802'0704     0x14  httpd_cgi_ssi.o [1]
  .rodata            const     0x802'0718     0x14  httpd_cgi_ssi.o [1]
  .rodata            const     0x802'072c     0x14  httpd_cgi_ssi.o [1]
  .rodata            const     0x802'0740     0x14  httpd_cgi_ssi.o [1]
  .rodata            const     0x802'0754     0x14  ip4_frag.o [1]
  .rodata            const     0x802'0768     0x14  main.o [1]
  .rodata            const     0x802'077c     0x14  mem.o [1]
  .rodata            const     0x802'0790     0x14  netif.o [1]
  .rodata            const     0x802'07a4     0x14  pbuf.o [1]
  .rodata            const     0x802'07b8     0x14  pbuf.o [1]
  .rodata            const     0x802'07cc     0x14  pbuf.o [1]
  .rodata            const     0x802'07e0     0x14  pbuf.o [1]
  .rodata            const     0x802'07f4     0x14  tcp.o [1]
  .rodata            const     0x802'0808     0x14  tcp_in.o [1]
  .rodata            const     0x802'081c     0x14  tcp_out.o [1]
  .rodata            const     0x802'0830     0x14  tcp_out.o [1]
  .rodata            const     0x802'0844     0x14  tcp_out.o [1]
  .rodata            const     0x802'0858     0x14  timeouts.o [1]
  .rodata            const     0x802'086c     0x10  dhcp.o [1]
  .rodata            const     0x802'087c     0x10  etharp.o [1]
  .rodata            const     0x802'088c     0x10  etharp.o [1]
  .rodata            const     0x802'089c     0x10  etharp.o [1]
  .rodata            const     0x802'08ac     0x10  ethernetif.o [1]
  .rodata            const     0x802'08bc     0x10  httpd.o [1]
  .rodata            const     0x802'08cc     0x10  httpd.o [1]
  .rodata            const     0x802'08dc     0x10  httpd.o [1]
  .rodata            const     0x802'08ec     0x10  httpd.o [1]
  .rodata            const     0x802'08fc     0x10  httpd.o [1]
  .rodata            const     0x802'090c     0x10  httpd_cgi_ssi.o [1]
  .rodata            const     0x802'091c     0x10  httpd_cgi_ssi.o [1]
  .rodata            const     0x802'092c     0x10  httpd_cgi_ssi.o [1]
  .rodata            const     0x802'093c     0x10  httpd_cgi_ssi.o [1]
  .rodata            const     0x802'094c     0x10  httpd_cgi_ssi.o [1]
  .rodata            const     0x802'095c     0x10  ip4_frag.o [1]
  .rodata            const     0x802'096c     0x10  ip4_frag.o [1]
  .rodata            const     0x802'097c     0x10  main.o [1]
  .rodata            const     0x802'098c     0x10  netif.o [1]
  .rodata            const     0x802'099c     0x10  pbuf.o [1]
  .rodata            const     0x802'09ac     0x10  pbuf.o [1]
  .rodata            const     0x802'09bc     0x10  sys_arch.o [1]
  .rodata            const     0x802'09cc     0x10  system_stm32f7xx.o [1]
  .rodata            const     0x802'09dc     0x10  tcp.o [1]
  .rodata            const     0x802'09ec     0x10  tcp.o [1]
  .rodata            const     0x802'09fc     0x10  tcp.o [1]
  .rodata            const     0x802'0a0c     0x10  tcp_in.o [1]
  .rodata            const     0x802'0a1c     0x10  tcp_in.o [1]
  .rodata            const     0x802'0a2c     0x10  tcp_in.o [1]
  .rodata            const     0x802'0a3c     0x10  tcp_in.o [1]
  .rodata            const     0x802'0a4c     0x10  tcp_out.o [1]
  .rodata            const     0x802'0a5c     0x10  tcp_out.o [1]
  .rodata            const     0x802'0a6c     0x10  tcp_out.o [1]
  .rodata            const     0x802'0a7c     0x10  tcpip.o [1]
  .rodata            const     0x802'0a8c     0x10  tcpip.o [1]
  .text              ro code   0x802'0a9c     0x10  startup_stm32f745xx.o [1]
  .text              ro code   0x802'0aac     0x10  system_stm32f7xx.o [1]
  .rodata            const     0x802'0abc      0xc  dhcp.o [1]
  .rodata            const     0x802'0ac8      0xc  dhcp.o [1]
  .rodata            const     0x802'0ad4      0xc  etharp.o [1]
  .rodata            const     0x802'0ae0      0xc  httpd.o [1]
  .rodata            const     0x802'0aec      0xc  httpd.o [1]
  .rodata            const     0x802'0af8      0xc  httpd.o [1]
  .rodata            const     0x802'0b04      0xc  httpd.o [1]
  .rodata            const     0x802'0b10      0xc  httpd.o [1]
  .rodata            const     0x802'0b1c      0xc  httpd.o [1]
  .rodata            const     0x802'0b28      0xc  httpd.o [1]
  .rodata            const     0x802'0b34      0xc  httpd.o [1]
  .rodata            const     0x802'0b40      0xc  httpd.o [1]
  .rodata            const     0x802'0b4c      0xc  httpd_cgi_ssi.o [1]
  .rodata            const     0x802'0b58      0xc  httpd_cgi_ssi.o [1]
  .rodata            const     0x802'0b64      0xc  httpd_cgi_ssi.o [1]
  .rodata            const     0x802'0b70      0xc  httpd_cgi_ssi.o [1]
  .rodata            const     0x802'0b7c      0xc  httpd_cgi_ssi.o [1]
  .rodata            const     0x802'0b88      0xc  httpd_cgi_ssi.o [1]
  .rodata            const     0x802'0b94      0xc  httpd_cgi_ssi.o [1]
  .rodata            const     0x802'0ba0      0xc  httpd_cgi_ssi.o [1]
  .rodata            const     0x802'0bac      0xc  httpd_cgi_ssi.o [1]
  .rodata            const     0x802'0bb8      0xc  httpd_cgi_ssi.o [1]
  .rodata            const     0x802'0bc4      0xc  httpd_cgi_ssi.o [1]
  .rodata            const     0x802'0bd0      0xc  httpd_cgi_ssi.o [1]
  .rodata            const     0x802'0bdc      0xc  httpd_cgi_ssi.o [1]
  .rodata            const     0x802'0be8      0xc  httpd_cgi_ssi.o [1]
  .rodata            const     0x802'0bf4      0xc  httpd_cgi_ssi.o [1]
  .rodata            const     0x802'0c00      0xc  httpd_cgi_ssi.o [1]
  .rodata            const     0x802'0c0c      0xc  httpd_cgi_ssi.o [1]
  .rodata            const     0x802'0c18      0xc  httpd_cgi_ssi.o [1]
  .rodata            const     0x802'0c24      0xc  httpd_cgi_ssi.o [1]
  .rodata            const     0x802'0c30      0xc  httpd_cgi_ssi.o [1]
  .rodata            const     0x802'0c3c      0xc  httpd_cgi_ssi.o [1]
  .rodata            const     0x802'0c48      0xc  httpd_cgi_ssi.o [1]
  .rodata            const     0x802'0c54      0xc  httpd_cgi_ssi.o [1]
  .rodata            const     0x802'0c60      0xc  httpd_cgi_ssi.o [1]
  .rodata            const     0x802'0c6c      0xc  httpd_cgi_ssi.o [1]
  .rodata            const     0x802'0c78      0xc  httpd_cgi_ssi.o [1]
  .rodata            const     0x802'0c84      0xc  httpd_cgi_ssi.o [1]
  .rodata            const     0x802'0c90      0xc  httpd_cgi_ssi.o [1]
  .rodata            const     0x802'0c9c      0xc  httpd_cgi_ssi.o [1]
  .rodata            const     0x802'0ca8      0xc  httpd_cgi_ssi.o [1]
  .rodata            const     0x802'0cb4      0xc  httpd_cgi_ssi.o [1]
  .rodata            const     0x802'0cc0      0xc  httpd_cgi_ssi.o [1]
  .rodata            const     0x802'0ccc      0xc  ip4.o [1]
  .rodata            const     0x802'0cd8      0xc  ip4_frag.o [1]
  .rodata            const     0x802'0ce4      0xc  ip4_frag.o [1]
  .rodata            const     0x802'0cf0      0xc  ip4_frag.o [1]
  .rodata            const     0x802'0cfc      0xc  ip4_frag.o [1]
  .rodata            const     0x802'0d08      0xc  ip4_frag.o [1]
  .rodata            const     0x802'0d14      0xc  main.o [1]
  .rodata            const     0x802'0d20      0xc  memp.o [1]
  .rodata            const     0x802'0d2c      0xc  memp.o [1]
  .rodata            const     0x802'0d38      0xc  memp.o [1]
  .rodata            const     0x802'0d44      0xc  memp.o [1]
  .rodata            const     0x802'0d50      0xc  memp.o [1]
  .rodata            const     0x802'0d5c      0xc  memp.o [1]
  .rodata            const     0x802'0d68      0xc  memp.o [1]
  .rodata            const     0x802'0d74      0xc  memp.o [1]
  .rodata            const     0x802'0d80      0xc  memp.o [1]
  .rodata            const     0x802'0d8c      0xc  memp.o [1]
  .rodata            const     0x802'0d98      0xc  memp.o [1]
  .rodata            const     0x802'0da4      0xc  memp.o [1]
  .rodata            const     0x802'0db0      0xc  memp.o [1]
  .rodata            const     0x802'0dbc      0xc  pbuf.o [1]
  .rodata            const     0x802'0dc8      0xc  tcp.o [1]
  .rodata            const     0x802'0dd4      0xc  tcp_in.o [1]
  .rodata            const     0x802'0de0      0xc  tcp_out.o [1]
  .text              ro code   0x802'0dec      0xc  cstartup_M.o [4]
  .rodata            const     0x802'0df8      0x8  eeprom.o [1]
  .rodata            const     0x802'0e00      0x8  ethernet.o [1]
  .rodata            const     0x802'0e08      0x8  ethernet.o [1]
  .rodata            const     0x802'0e10      0x8  ethernetif.o [1]
  .rodata            const     0x802'0e18      0x8  ethernetif.o [1]
  .rodata            const     0x802'0e20      0x8  httpd.o [1]
  .rodata            const     0x802'0e28      0x8  httpd.o [1]
  .rodata            const     0x802'0e30      0x8  httpd.o [1]
  .rodata            const     0x802'0e38      0x8  httpd.o [1]
  .rodata            const     0x802'0e40      0x8  httpd.o [1]
  .rodata            const     0x802'0e48      0x8  httpd.o [1]
  .rodata            const     0x802'0e50      0x8  httpd.o [1]
  .rodata            const     0x802'0e58      0x8  httpd.o [1]
  .rodata            const     0x802'0e60      0x8  httpd_cgi_ssi.o [1]
  .rodata            const     0x802'0e68      0x8  httpd_cgi_ssi.o [1]
  .rodata            const     0x802'0e70      0x8  httpd_cgi_ssi.o [1]
  .rodata            const     0x802'0e78      0x8  httpd_cgi_ssi.o [1]
  .rodata            const     0x802'0e80      0x8  httpd_cgi_ssi.o [1]
  .rodata            const     0x802'0e88      0x8  httpd_cgi_ssi.o [1]
  .rodata            const     0x802'0e90      0x8  httpd_cgi_ssi.o [1]
  .rodata            const     0x802'0e98      0x8  httpd_cgi_ssi.o [1]
  .rodata            const     0x802'0ea0      0x8  httpd_cgi_ssi.o [1]
  .rodata            const     0x802'0ea8      0x8  httpd_cgi_ssi.o [1]
  .rodata            const     0x802'0eb0      0x8  httpd_cgi_ssi.o [1]
  .rodata            const     0x802'0eb8      0x8  httpd_cgi_ssi.o [1]
  .rodata            const     0x802'0ec0      0x8  httpd_cgi_ssi.o [1]
  .rodata            const     0x802'0ec8      0x8  httpd_cgi_ssi.o [1]
  .rodata            const     0x802'0ed0      0x8  httpd_cgi_ssi.o [1]
  .rodata            const     0x802'0ed8      0x8  httpd_cgi_ssi.o [1]
  .rodata            const     0x802'0ee0      0x8  lwip.o [1]
  .rodata            const     0x802'0ee8      0x8  lwip.o [1]
  .rodata            const     0x802'0ef0      0x8  main.o [1]
  .rodata            const     0x802'0ef8      0x8  stm32f7xx_hal_dma.o [1]
  .rodata            const     0x802'0f00      0x8  sys_arch.o [1]
  .rodata            const     0x802'0f08      0x8  sys_arch.o [1]
  .rodata            const     0x802'0f10      0x8  tasks.o [1]
  .rodata            const     0x802'0f18      0x8  tcp.o [1]
  .rodata            const     0x802'0f20      0x8  tcp_in.o [1]
  .rodata            const     0x802'0f28      0x8  tcp_in.o [1]
  .rodata            const     0x802'0f30      0x6  xlocale_c.o [2]
  .rodata            const     0x802'0f38      0x4  heap_4.o [1]
  .rodata            const     0x802'0f3c      0x4  httpd.o [1]
  .rodata            const     0x802'0f40      0x4  httpd.o [1]
  .rodata            const     0x802'0f44      0x4  httpd.o [1]
  .rodata            const     0x802'0f48      0x4  ip4_addr.o [1]
  .rodata            const     0x802'0f4c      0x4  ip4_addr.o [1]
  .rodata            const     0x802'0f50      0x4  port.o [1]
  .text              ro code   0x802'0f54      0x4  startup_stm32f745xx.o [1]
  .text              ro code   0x802'0f58      0x4  startup_stm32f745xx.o [1]
  .text              ro code   0x802'0f5c      0x4  startup_stm32f745xx.o [1]
  .text              ro code   0x802'0f60      0x4  startup_stm32f745xx.o [1]
  .text              ro code   0x802'0f64      0x4  startup_stm32f745xx.o [1]
  .text              ro code   0x802'0f68      0x4  startup_stm32f745xx.o [1]
  .text              ro code   0x802'0f6c      0x4  startup_stm32f745xx.o [1]
  .text              ro code   0x802'0f70      0x4  startup_stm32f745xx.o [1]
  .text              ro code   0x802'0f74      0x4  startup_stm32f745xx.o [1]
  .text              ro code   0x802'0f78      0x4  startup_stm32f745xx.o [1]
  .text              ro code   0x802'0f7c      0x4  startup_stm32f745xx.o [1]
  .text              ro code   0x802'0f80      0x4  startup_stm32f745xx.o [1]
  .text              ro code   0x802'0f84      0x4  startup_stm32f745xx.o [1]
  .text              ro code   0x802'0f88      0x4  startup_stm32f745xx.o [1]
  .text              ro code   0x802'0f8c      0x4  startup_stm32f745xx.o [1]
  .text              ro code   0x802'0f90      0x4  startup_stm32f745xx.o [1]
  .text              ro code   0x802'0f94      0x4  startup_stm32f745xx.o [1]
  .text              ro code   0x802'0f98      0x4  startup_stm32f745xx.o [1]
  .text              ro code   0x802'0f9c      0x4  startup_stm32f745xx.o [1]
  .text              ro code   0x802'0fa0      0x4  startup_stm32f745xx.o [1]
  .text              ro code   0x802'0fa4      0x4  startup_stm32f745xx.o [1]
  .text              ro code   0x802'0fa8      0x4  startup_stm32f745xx.o [1]
  .text              ro code   0x802'0fac      0x4  startup_stm32f745xx.o [1]
  .text              ro code   0x802'0fb0      0x4  startup_stm32f745xx.o [1]
  .text              ro code   0x802'0fb4      0x4  startup_stm32f745xx.o [1]
  .text              ro code   0x802'0fb8      0x4  startup_stm32f745xx.o [1]
  .text              ro code   0x802'0fbc      0x4  startup_stm32f745xx.o [1]
  .text              ro code   0x802'0fc0      0x4  startup_stm32f745xx.o [1]
  .text              ro code   0x802'0fc4      0x4  startup_stm32f745xx.o [1]
  .text              ro code   0x802'0fc8      0x4  startup_stm32f745xx.o [1]
  .text              ro code   0x802'0fcc      0x4  startup_stm32f745xx.o [1]
  .text              ro code   0x802'0fd0      0x4  startup_stm32f745xx.o [1]
  .text              ro code   0x802'0fd4      0x4  startup_stm32f745xx.o [1]
  .text              ro code   0x802'0fd8      0x4  startup_stm32f745xx.o [1]
  .text              ro code   0x802'0fdc      0x4  startup_stm32f745xx.o [1]
  .text              ro code   0x802'0fe0      0x4  startup_stm32f745xx.o [1]
  .text              ro code   0x802'0fe4      0x4  startup_stm32f745xx.o [1]
  .text              ro code   0x802'0fe8      0x4  startup_stm32f745xx.o [1]
  .text              ro code   0x802'0fec      0x4  startup_stm32f745xx.o [1]
  .text              ro code   0x802'0ff0      0x4  startup_stm32f745xx.o [1]
  .text              ro code   0x802'0ff4      0x4  startup_stm32f745xx.o [1]
  .text              ro code   0x802'0ff8      0x4  startup_stm32f745xx.o [1]
  .text              ro code   0x802'0ffc      0x4  startup_stm32f745xx.o [1]
  .text              ro code   0x802'1000      0x4  startup_stm32f745xx.o [1]
  .text              ro code   0x802'1004      0x4  startup_stm32f745xx.o [1]
  .text              ro code   0x802'1008      0x4  startup_stm32f745xx.o [1]
  .text              ro code   0x802'100c      0x4  startup_stm32f745xx.o [1]
  .text              ro code   0x802'1010      0x4  startup_stm32f745xx.o [1]
  .text              ro code   0x802'1014      0x4  startup_stm32f745xx.o [1]
  .text              ro code   0x802'1018      0x4  startup_stm32f745xx.o [1]
  .text              ro code   0x802'101c      0x4  startup_stm32f745xx.o [1]
  .text              ro code   0x802'1020      0x4  startup_stm32f745xx.o [1]
  .text              ro code   0x802'1024      0x4  startup_stm32f745xx.o [1]
  .text              ro code   0x802'1028      0x4  startup_stm32f745xx.o [1]
  .text              ro code   0x802'102c      0x4  startup_stm32f745xx.o [1]
  .text              ro code   0x802'1030      0x4  startup_stm32f745xx.o [1]
  .text              ro code   0x802'1034      0x4  startup_stm32f745xx.o [1]
  .text              ro code   0x802'1038      0x4  startup_stm32f745xx.o [1]
  .text              ro code   0x802'103c      0x4  startup_stm32f745xx.o [1]
  .text              ro code   0x802'1040      0x4  startup_stm32f745xx.o [1]
  .text              ro code   0x802'1044      0x4  startup_stm32f745xx.o [1]
  .text              ro code   0x802'1048      0x4  startup_stm32f745xx.o [1]
  .text              ro code   0x802'104c      0x4  startup_stm32f745xx.o [1]
  .text              ro code   0x802'1050      0x4  startup_stm32f745xx.o [1]
  .text              ro code   0x802'1054      0x4  startup_stm32f745xx.o [1]
  .text              ro code   0x802'1058      0x4  startup_stm32f745xx.o [1]
  .text              ro code   0x802'105c      0x4  startup_stm32f745xx.o [1]
  .text              ro code   0x802'1060      0x4  startup_stm32f745xx.o [1]
  .text              ro code   0x802'1064      0x4  startup_stm32f745xx.o [1]
  .text              ro code   0x802'1068      0x4  startup_stm32f745xx.o [1]
  .text              ro code   0x802'106c      0x4  startup_stm32f745xx.o [1]
  .text              ro code   0x802'1070      0x4  startup_stm32f745xx.o [1]
  .text              ro code   0x802'1074      0x4  startup_stm32f745xx.o [1]
  .text              ro code   0x802'1078      0x4  startup_stm32f745xx.o [1]
  .text              ro code   0x802'107c      0x4  startup_stm32f745xx.o [1]
  .text              ro code   0x802'1080      0x4  startup_stm32f745xx.o [1]
  .text              ro code   0x802'1084      0x4  startup_stm32f745xx.o [1]
  .text              ro code   0x802'1088      0x4  startup_stm32f745xx.o [1]
  .text              ro code   0x802'108c      0x4  startup_stm32f745xx.o [1]
  .text              ro code   0x802'1090      0x4  startup_stm32f745xx.o [1]
  .text              ro code   0x802'1094      0x4  startup_stm32f745xx.o [1]
  .text              ro code   0x802'1098      0x4  startup_stm32f745xx.o [1]
  .text              ro code   0x802'109c      0x4  startup_stm32f745xx.o [1]
  .text              ro code   0x802'10a0      0x4  startup_stm32f745xx.o [1]
  .text              ro code   0x802'10a4      0x4  startup_stm32f745xx.o [1]
  .text              ro code   0x802'10a8      0x4  startup_stm32f745xx.o [1]
  .text              ro code   0x802'10ac      0x4  startup_stm32f745xx.o [1]
  .text              ro code   0x802'10b0      0x4  startup_stm32f745xx.o [1]
  .text              ro code   0x802'10b4      0x4  startup_stm32f745xx.o [1]
  .text              ro code   0x802'10b8      0x4  startup_stm32f745xx.o [1]
  .text              ro code   0x802'10bc      0x4  startup_stm32f745xx.o [1]
  .text              ro code   0x802'10c0      0x4  startup_stm32f745xx.o [1]
  .text              ro code   0x802'10c4      0x0  cstart_closeall.o [4]
  .rodata            const     0x802'10c4      0x0  zero_init3.o [4]
  .rodata            const     0x802'10c4      0x0  lz77_init_single.o [4]
  Initializer bytes  const     0x802'10c4    0x68c  <for P2-1>
  Initializer bytes  const     0x802'1750      0xa  <for P3-1>
                             - 0x802'175a  0x21592

"P2", part 1 of 3:                           0x9a6
  P2-1                        0x2000'0000    0x9a6  <Init block>
    .data            inited   0x2000'0000      0x4  analog.o [1]
    .data            inited   0x2000'0004      0x4  analog.o [1]
    .data            inited   0x2000'0008      0x4  dhcp.o [1]
    .data            inited   0x2000'000c      0x4  dsp.o [1]
    .data            inited   0x2000'0010      0x4  dsp.o [1]
    .data            inited   0x2000'0014     0x10  httpd.o [1]
    .data            inited   0x2000'0024     0x2c  httpd_cgi_ssi.o [1]
    .data            inited   0x2000'0050      0x4  httpd_cgi_ssi.o [1]
    .data            inited   0x2000'0054      0x4  httpd_cgi_ssi.o [1]
    .data            inited   0x2000'0058      0x4  port.o [1]
    .data            inited   0x2000'005c      0x4  stm32f7xx_hal.o [1]
    .data            inited   0x2000'0060      0x4  system_stm32f7xx.o [1]
    .data            inited   0x2000'0064      0x4  tcp.o [1]
    .data            inited   0x2000'0068      0x8  rand.o [2]
    .data            inited   0x2000'0070     0x38  xlocale_c.o [2]
    .data            inited   0x2000'00a8     0x48  xlocale_c.o [2]
    .data            inited   0x2000'00f0     0x48  xfiles.o [2]
    .data            inited   0x2000'0138     0x48  xfiles.o [2]
    .data            inited   0x2000'0180     0x48  xfiles.o [2]
    .data            inited   0x2000'01c8     0x20  xfiles.o [2]
    .data            inited   0x2000'01e8      0x8  XShttio.o [2]
    Veneer           inited   0x2000'01f0      0x8  - Linker created -
    Veneer           inited   0x2000'01f8      0x8  - Linker created -
    Veneer           inited   0x2000'0200      0x8  - Linker created -
    Veneer           inited   0x2000'0208      0x8  - Linker created -
    Veneer           inited   0x2000'0210      0x8  - Linker created -
    Veneer           inited   0x2000'0218      0x8  - Linker created -
    .textrw          inited   0x2000'0220    0x5c8  analog.o [1]
    Veneer           inited   0x2000'07e8      0x8  - Linker created -
    Veneer           inited   0x2000'07f0      0x8  - Linker created -
    Veneer           inited   0x2000'07f8      0x8  - Linker created -
    Veneer           inited   0x2000'0800      0x8  - Linker created -
    Veneer           inited   0x2000'0808      0x8  - Linker created -
    Veneer           inited   0x2000'0810      0x8  - Linker created -
    Veneer           inited   0x2000'0818      0x8  - Linker created -
    Veneer           inited   0x2000'0820      0x8  - Linker created -
    Veneer           inited   0x2000'0828      0x8  - Linker created -
    Veneer           inited   0x2000'0830      0x8  - Linker created -
    Veneer           inited   0x2000'0838      0x8  - Linker created -
    .textrw          inited   0x2000'0840    0x160  dsp.o [1]
    .data            inited   0x2000'09a0      0x2  tcp.o [1]
    .data            inited   0x2000'09a2      0x2  udp.o [1]
    .data            inited   0x2000'09a4      0x1  dsp.o [1]
    .data            inited   0x2000'09a5      0x1  stm32f7xx_hal.o [1]
                            - 0x2000'09a6    0x9a6

"P2", part 2 of 3:                          0xf070
  .bss               zero     0x2000'09a8   0x7800  heap_4.o [1]
  .bss               zero     0x2000'81a8   0x2604  memp.o [1]
  .bss               zero     0x2000'a7ac   0x17d0  ethernetif.o [1]
  .bss               zero     0x2000'bf7c   0x17d0  ethernetif.o [1]
  .bss               zero     0x2000'd74c    0x654  mem.o [1]
  .bss               zero     0x2000'dda0    0x400  httpd.o [1]
  .bss               zero     0x2000'e1a0    0x310  memp.o [1]
  .bss               zero     0x2000'e4b0    0x200  freertos.o [1]
  .bss               zero     0x2000'e6b0    0x16c  memp.o [1]
  .bss               zero     0x2000'e81c    0x104  memp.o [1]
  .bss               zero     0x2000'e920    0x104  memp.o [1]
  .bss               zero     0x2000'ea24     0xf0  etharp.o [1]
  .bss               zero     0x2000'eb14     0xf0  fs.o [1]
  .bss               zero     0x2000'ec04     0xe4  memp.o [1]
  .bss               zero     0x2000'ece8     0xa4  memp.o [1]
  .bss               zero     0x2000'ed8c     0xa4  memp.o [1]
  .bss               zero     0x2000'ee30     0x8c  tasks.o [1]
  .bss               zero     0x2000'eebc     0x84  memp.o [1]
  .bss               zero     0x2000'ef40     0x84  memp.o [1]
  .bss               zero     0x2000'efc4     0x84  memp.o [1]
  .bss               zero     0x2000'f048     0x84  rand.o [2]
  .bss               zero     0x2000'f0cc     0x80  ethernetif.o [1]
  .bss               zero     0x2000'f14c     0x80  ethernetif.o [1]
  .bss               zero     0x2000'f1cc     0x80  XShHandles.o [2]
  .bss               zero     0x2000'f24c     0x64  main.o [1]
  .bss               zero     0x2000'f2b0     0x60  main.o [1]
  .bss               zero     0x2000'f310     0x54  freertos.o [1]
  .bss               zero     0x2000'f364     0x54  memp.o [1]
  .bss               zero     0x2000'f3b8     0x50  xfiles.o [2]
  .bss               zero     0x2000'f408     0x50  xfiles.o [2]
  .bss               zero     0x2000'f458     0x4c  main.o [1]
  .bss               zero     0x2000'f4a4     0x4c  main.o [1]
  .bss               zero     0x2000'f4f0     0x4c  main.o [1]
  .bss               zero     0x2000'f53c     0x34  main.o [1]
  .bss               zero     0x2000'f570     0x48  dsp.o [1]
  .bss               zero     0x2000'f5b8     0x48  ethernetif.o [1]
  .bss               zero     0x2000'f600     0x48  main.o [1]
  .bss               zero     0x2000'f648     0x48  main.o [1]
  .bss               zero     0x2000'f690     0x38  lwip.o [1]
  .bss               zero     0x2000'f6c8     0x30  dsp.o [1]
  .bss               zero     0x2000'f6f8     0x30  httpd_cgi_ssi.o [1]
  .bss               zero     0x2000'f728     0x24  memp.o [1]
  .bss               zero     0x2000'f74c     0x20  dhcp.o [1]
  .bss               zero     0x2000'f76c     0x14  main.o [1]
  .bss               zero     0x2000'f780     0x20  dsp.o [1]
  .bss               zero     0x2000'f7a0     0x20  httpd_cgi_ssi.o [1]
  .bss               zero     0x2000'f7c0     0x18  ip.o [1]
  .bss               zero     0x2000'f7d8     0x14  tasks.o [1]
  .bss               zero     0x2000'f7ec     0x14  tasks.o [1]
  .bss               zero     0x2000'f800     0x14  tasks.o [1]
  .bss               zero     0x2000'f814     0x14  tasks.o [1]
  .bss               zero     0x2000'f828     0x14  tasks.o [1]
  .bss               zero     0x2000'f83c     0x10  tcp_in.o [1]
  .bss               zero     0x2000'f84c      0x8  dhcp.o [1]
  .bss               zero     0x2000'f854      0x8  heap_4.o [1]
  .bss               zero     0x2000'f85c      0x8  lwip.o [1]
  .bss               zero     0x2000'f864      0x8  heap0.o [2]
  .bss               zero     0x2000'f86c      0x4  analog.o [1]
  .bss               zero     0x2000'f870      0x4  analog.o [1]
  .bss               zero     0x2000'f874      0x4  analog.o [1]
  .bss               zero     0x2000'f878      0x4  analog.o [1]
  .bss               zero     0x2000'f87c      0x4  analog.o [1]
  .bss               zero     0x2000'f880      0x4  analog.o [1]
  .bss               zero     0x2000'f884      0x4  analog.o [1]
  .bss               zero     0x2000'f888      0x4  analog.o [1]
  .bss               zero     0x2000'f88c      0x4  analog.o [1]
  .bss               zero     0x2000'f890      0x4  analog.o [1]
  .bss               zero     0x2000'f894      0x4  analog.o [1]
  .bss               zero     0x2000'f898      0x4  analog.o [1]
  .bss               zero     0x2000'f89c      0x4  analog.o [1]
  .bss               zero     0x2000'f8a0      0x4  analog.o [1]
  .bss               zero     0x2000'f8a4      0x4  dhcp.o [1]
  .bss               zero     0x2000'f8a8      0x4  dhcp.o [1]
  .bss               zero     0x2000'f8ac      0x4  eeprom.o [1]
  .bss               zero     0x2000'f8b0      0x4  ethernetif.o [1]
  .bss               zero     0x2000'f8b4      0x4  heap_4.o [1]
  .bss               zero     0x2000'f8b8      0x4  heap_4.o [1]
  .bss               zero     0x2000'f8bc      0x4  heap_4.o [1]
  .bss               zero     0x2000'f8c0      0x4  heap_4.o [1]
  .bss               zero     0x2000'f8c4      0x4  httpd.o [1]
  .bss               zero     0x2000'f8c8      0x4  httpd.o [1]
  .bss               zero     0x2000'f8cc      0x4  httpd.o [1]
  .bss               zero     0x2000'f8d0      0x4  httpd.o [1]
  .bss               zero     0x2000'f8d4      0x4  httpd.o [1]
  .bss               zero     0x2000'f8d8      0x4  ip4_frag.o [1]
  .bss               zero     0x2000'f8dc      0x4  lwip.o [1]
  .bss               zero     0x2000'f8e0      0x4  lwip.o [1]
  .bss               zero     0x2000'f8e4      0x4  lwip.o [1]
  .bss               zero     0x2000'f8e8      0x4  lwip.o [1]
  .bss               zero     0x2000'f8ec      0x4  lwip.o [1]
  .bss               zero     0x2000'f8f0      0x4  lwip.o [1]
  .bss               zero     0x2000'f8f4      0x4  lwip.o [1]
  .bss               zero     0x2000'f8f8      0x4  main.o [1]
  .bss               zero     0x2000'f8fc      0x4  main.o [1]
  .bss               zero     0x2000'f900      0x4  main.o [1]
  .bss               zero     0x2000'f904      0x4  mem.o [1]
  .bss               zero     0x2000'f908      0x4  mem.o [1]
  .bss               zero     0x2000'f90c      0x4  mem.o [1]
  .bss               zero     0x2000'f910      0x4  mem.o [1]
  .bss               zero     0x2000'f914      0x4  memp.o [1]
  .bss               zero     0x2000'f918      0x4  memp.o [1]
  .bss               zero     0x2000'f91c      0x4  memp.o [1]
  .bss               zero     0x2000'f920      0x4  memp.o [1]
  .bss               zero     0x2000'f924      0x4  memp.o [1]
  .bss               zero     0x2000'f928      0x4  memp.o [1]
  .bss               zero     0x2000'f92c      0x4  memp.o [1]
  .bss               zero     0x2000'f930      0x4  memp.o [1]
  .bss               zero     0x2000'f934      0x4  memp.o [1]
  .bss               zero     0x2000'f938      0x4  memp.o [1]
  .bss               zero     0x2000'f93c      0x4  memp.o [1]
  .bss               zero     0x2000'f940      0x4  memp.o [1]
  .bss               zero     0x2000'f944      0x4  memp.o [1]
  .bss               zero     0x2000'f948      0x4  netif.o [1]
  .bss               zero     0x2000'f94c      0x4  netif.o [1]
  .bss               zero     0x2000'f950      0x4  port.o [1]
  .bss               zero     0x2000'f954      0x4  stm32f7xx_hal.o [1]
  .bss               zero     0x2000'f958      0x4  stm32f7xx_hal_msp.o [1]
  .bss               zero     0x2000'f95c      0x4  sys_arch.o [1]
  .bss               zero     0x2000'f960      0x4  tasks.o [1]
  .bss               zero     0x2000'f964      0x4  tasks.o [1]
  .bss               zero     0x2000'f968      0x4  tasks.o [1]
  .bss               zero     0x2000'f96c      0x4  tasks.o [1]
  .bss               zero     0x2000'f970      0x4  tasks.o [1]
  .bss               zero     0x2000'f974      0x4  tasks.o [1]
  .bss               zero     0x2000'f978      0x4  tasks.o [1]
  .bss               zero     0x2000'f97c      0x4  tasks.o [1]
  .bss               zero     0x2000'f980      0x4  tasks.o [1]
  .bss               zero     0x2000'f984      0x4  tasks.o [1]
  .bss               zero     0x2000'f988      0x4  tasks.o [1]
  .bss               zero     0x2000'f98c      0x4  tasks.o [1]
  .bss               zero     0x2000'f990      0x4  tasks.o [1]
  .bss               zero     0x2000'f994      0x4  tasks.o [1]
  .bss               zero     0x2000'f998      0x4  tasks.o [1]
  .bss               zero     0x2000'f99c      0x4  tcp.o [1]
  .bss               zero     0x2000'f9a0      0x4  tcp.o [1]
  .bss               zero     0x2000'f9a4      0x4  tcp.o [1]
  .bss               zero     0x2000'f9a8      0x4  tcp.o [1]
  .bss               zero     0x2000'f9ac      0x4  tcp.o [1]
  .bss               zero     0x2000'f9b0      0x4  tcp_in.o [1]
  .bss               zero     0x2000'f9b4      0x4  tcp_in.o [1]
  .bss               zero     0x2000'f9b8      0x4  tcp_in.o [1]
  .bss               zero     0x2000'f9bc      0x4  tcp_in.o [1]
  .bss               zero     0x2000'f9c0      0x4  tcp_in.o [1]
  .bss               zero     0x2000'f9c4      0x4  tcp_in.o [1]
  .bss               zero     0x2000'f9c8      0x4  tcpip.o [1]
  .bss               zero     0x2000'f9cc      0x4  tcpip.o [1]
  .bss               zero     0x2000'f9d0      0x4  tcpip.o [1]
  .bss               zero     0x2000'f9d4      0x4  tcpip.o [1]
  .bss               zero     0x2000'f9d8      0x4  timeouts.o [1]
  .bss               zero     0x2000'f9dc      0x4  timeouts.o [1]
  .bss               zero     0x2000'f9e0      0x4  timeouts.o [1]
  .bss               zero     0x2000'f9e4      0x4  udp.o [1]
  .bss               zero     0x2000'f9e8      0x4  xfail_s.o [2]
  .bss               zero     0x2000'f9ec      0x4  xgetmemchunk.o [2]
  .bss               zero     0x2000'f9f0      0x2  analog.o [1]
  .bss               zero     0x2000'f9f2      0x2  analog.o [1]
  .bss               zero     0x2000'f9f4      0x2  analog.o [1]
  .bss               zero     0x2000'f9f6      0x2  analog.o [1]
  .bss               zero     0x2000'f9f8      0x2  analog.o [1]
  .bss               zero     0x2000'f9fa      0x2  ip4.o [1]
  .bss               zero     0x2000'f9fc      0x2  ip4_frag.o [1]
  .bss               zero     0x2000'f9fe      0x2  tcp_in.o [1]
  .bss               zero     0x2000'fa00      0x2  tcp_in.o [1]
  .bss               zero     0x2000'fa02      0x2  tcp_in.o [1]
  .bss               zero     0x2000'fa04      0x2  tcp_in.o [1]
  .bss               zero     0x2000'fa06      0x2  tcp_in.o [1]
  .bss               zero     0x2000'fa08      0x1  dhcp.o [1]
  .bss               zero     0x2000'fa09      0x1  dsp.o [1]
  .bss               zero     0x2000'fa0a      0x1  dsp.o [1]
  .bss               zero     0x2000'fa0b      0x1  etharp.o [1]
  .bss               zero     0x2000'fa0c      0x1  netif.o [1]
  .bss               zero     0x2000'fa0d      0x1  pbuf.o [1]
  .bss               zero     0x2000'fa0e      0x1  port.o [1]
  .bss               zero     0x2000'fa0f      0x1  tcp.o [1]
  .bss               zero     0x2000'fa10      0x1  tcp.o [1]
  .bss               zero     0x2000'fa11      0x1  tcp.o [1]
  .bss               zero     0x2000'fa12      0x1  tcp_in.o [1]
  .bss               zero     0x2000'fa13      0x1  tcp_in.o [1]
  .bss               zero     0x2000'fa14      0x1  XShttio.o [2]
                            - 0x2000'fa15   0xf06d

"P2", part 3 of 3:                           0x600
  CSTACK                      0x2000'fa18    0x400  <Block>
    CSTACK           uninit   0x2000'fa18    0x400  <Block tail>
  HEAP                        0x2000'fe18    0x200  <Block>
    HEAP             uninit   0x2000'fe18    0x200  <Block tail>
                            - 0x2001'0018    0x600

"P3", part 1 of 2:                           0x320
  P3-1                        0x2004'b000    0x320  <Init block>
    VARIABLE_MASS    inited   0x2004'b000    0x320  analog.o [1]
                            - 0x2004'b320    0x320

"P3", part 2 of 2:                          0x1900
  VARIABLE_MASS      zero     0x2004'b320   0x1900  analog.o [1]
                            - 0x2004'cc20   0x1900

Unused ranges:

         From           To      Size
         ----           --      ----
   0x802'175a   0x80f'ffff  0xd'e8a6
  0x2000'09a6  0x2000'09a7       0x2
  0x2001'0018  0x2004'afff  0x3'afe8
  0x2004'cc20  0x2004'ffff    0x33e0


*******************************************************************************
*** INIT TABLE
***

          Address      Size
          -------      ----
Zero (__iar_zero_init3)
    2 destination ranges, total size 0x1096d:
          0x2000'09a8  0xf06d
          0x2004'b320  0x1900

Copy/lz77 (__iar_lz77_init_single3)
    1 source range, total size 0x68c (67% of destination):
           0x802'10c4   0x68c
    1 destination range, total size 0x9a6:
          0x2000'0000   0x9a6

Copy/lz77 (__iar_lz77_init_single3)
    1 source range, total size 0xa (1% of destination):
           0x802'1750     0xa
    1 destination range, total size 0x320:
          0x2004'b000   0x320



*******************************************************************************
*** MODULE SUMMARY
***

    Module                  ro code  rw code  ro data  rw data
    ------                  -------  -------  -------  -------
command line/config:
    ----------------------------------------------------------
    Total:

D:\Work\Gerkon\NEW\system software\EWARM\config\Obj: [1]
    analog.o                  1 268    1 480    1 019    7 274
    cmsis_os.o                1 076
    def.o                        44
    dhcp.o                    5 754               911       53
    dsp.o                     1 940      352      244      163
    eeprom.o                    160                 8        4
    etharp.o                  2 864               612      241
    ethernet.o                  344               196
    ethernetif.o              1 666               160   12 524
    freertos.o                   24                        596
    fs.o                        268            24 064      240
    heap_4.o                    648                 4   30 744
    httpd.o                   4 124               803    1 060
    httpd_cgi_ssi.o           3 756               709      132
    icmp.o                      704               280
    init.o                       72               188
    ip.o                                                    24
    ip4.o                     1 096               184        2
    ip4_addr.o                   80                 8
    ip4_frag.o                2 688               584        6
    list.o                      154
    lwip.o                      420                44       92
    main.o                    2 466               140      652
    mem.o                     1 720               664    1 636
    memp.o                      324               456   12 524
    netif.o                   1 116               440        9
    pbuf.o                    2 544               900        1
    port.o                      580                 7        9
    portasm.o                   180
    queue.o                   2 916
    startup_stm32f745xx.o       840
    stm32f7xx_hal.o             188                 4        9
    stm32f7xx_hal_adc.o       1 210
    stm32f7xx_hal_adc_ex.o      538
    stm32f7xx_hal_cortex.o      344
    stm32f7xx_hal_dac.o         182
    stm32f7xx_hal_dma.o       1 164                 8
[...]
prvCopyDataFromQueue     0x801'3687    0x36  Code  Lc  queue.o [1]
prvCopyDataToQueue       0x801'35eb    0x9c  Code  Lc  queue.o [1]
prvDeleteTCB             0x801'27f7    0x48  Code  Lc  tasks.o [1]
prvGetDisinheritPriorityAfterTimeout
                         0x801'35d5    0x16  Code  Lc  queue.o [1]
prvHeapInit              0x801'4929    0x62  Code  Lc  heap_4.o [1]
prvIdleTask              0x801'273d    0x24  Code  Lc  tasks.o [1]
prvInitialiseMutex       0x801'2e01    0x22  Code  Lc  queue.o [1]
prvInitialiseNewQueue    0x801'2dcf    0x32  Code  Lc  queue.o [1]
prvInitialiseNewTask     0x801'20cd    0xd6  Code  Lc  tasks.o [1]
prvInitialiseTaskLists   0x801'2761    0x54  Code  Lc  tasks.o [1]
prvInsertBlockIntoFreeList
                         0x801'498b    0x5e  Code  Lc  heap_4.o [1]
prvIsQueueEmpty          0x801'372b    0x1c  Code  Lc  queue.o [1]
prvIsQueueFull           0x801'3747    0x1e  Code  Lc  queue.o [1]
prvResetNextTaskUnblockTime
                         0x801'283f    0x2a  Code  Lc  tasks.o [1]
prvTaskExitError         0x801'4acd    0x32  Code  Lc  port.o [1]
prvUnlockQueue           0x801'36bd    0x6e  Code  Lc  queue.o [1]
ptr_to_mem               0x800'b2cd     0xc  Code  Lc  mem.o [1]
putchar                  0x802'061d     0xc  Code  Gb  putchar.o [2]
pvPortMalloc             0x801'4781   0x12c  Code  Gb  heap_4.o [1]
pvTaskIncrementMutexHeldCount
                         0x801'2b03    0x16  Code  Gb  tasks.o [1]
pxCurrentTCB            0x2000'f960     0x4  Data  Gb  tasks.o [1]
pxDelayedTaskList       0x2000'f964     0x4  Data  Lc  tasks.o [1]
pxEnd                   0x2000'f8b4     0x4  Data  Lc  heap_4.o [1]
pxOverflowDelayedTaskList
                        0x2000'f968     0x4  Data  Lc  tasks.o [1]
pxPortInitialiseStack    0x801'4aa5    0x28  Code  Gb  port.o [1]
pxReadyTasksLists       0x2000'ee30    0x8c  Data  Lc  tasks.o [1]
ram                     0x2000'f904     0x4  Data  Lc  mem.o [1]
ram_end                 0x2000'f908     0x4  Data  Lc  mem.o [1]
ram_heap                0x2000'd74c   0x654  Data  Gb  mem.o [1]
rand                     0x800'ba49    0x94  Code  Gb  rand.o [2]
reassdatagrams          0x2000'f8d8     0x4  Data  Lc  ip4_frag.o [1]
recv_acked              0x2000'fa04     0x2  Data  Lc  tcp_in.o [1]
recv_data               0x2000'f9c0     0x4  Data  Lc  tcp_in.o [1]
recv_flags              0x2000'fa13     0x1  Data  Lc  tcp_in.o [1]
remove                   0x801'd74b    0x14  Code  Gb  remove.o [5]
rs_current              0x2000'f874     0x4  Data  Lc  analog.o [1]
sFileInfo               0x2000'f1cc    0x80  Data  Lc  XShHandles.o [2]
s_xSemaphore            0x2000'f8b0     0x4  Data  Gb  ethernetif.o [1]
scalbln                  0x800'e175          Code  Gb  ldexp.o [3]
scalblnl                 0x800'e175          Code  Gb  ldexp.o [3]
scalbn                   0x800'e175          Code  Gb  ldexp.o [3]
scalbnl                  0x800'e175          Code  Gb  ldexp.o [3]
scale                    0x800'a5eb    0x46  Code  Lc  xprintffull.o [2]
sec_hand                0x2000'f9e8     0x4  Data  Lc  xfail_s.o [2]
semaphoreId             0x2000'f8ac     0x4  Data  Gb  eeprom.o [1]
seqno                   0x2000'f9b8     0x4  Data  Lc  tcp_in.o [1]
sprintf                  0x801'af19    0x40  Code  Gb  sprintf.o [2]
sqrt                     0x801'd141          Code  Gb  sqrt.o [3]
sqrtl                    0x801'd141          Code  Gb  sqrt.o [3]
strchr                   0x800'dbdd          Code  Gb  strchr.o [4]
strcmp                   0x801'985d          Code  Gb  strcmp.o [4]
strcpy                   0x801'af59          Code  Gb  strcpy.o [4]
strlen                   0x800'dc35          Code  Gb  strlen.o [4]
strncmp                  0x801'9729    0x28  Code  Gb  strncmp.o [2]
strnstr                  0x801'80b5    0x58  Code  Lc  httpd.o [1]
strstr                   0x801'98a7    0x30  Code  Gb  strstr.o [2]
sys_arch_mbox_fetch      0x800'ae0d    0x50  Code  Gb  sys_arch.o [1]
sys_arch_protect         0x800'aef1    0x12  Code  Gb  sys_arch.o [1]
sys_arch_unprotect       0x800'af03     0xe  Code  Gb  sys_arch.o [1]
sys_check_timeouts       0x800'9909    0x3e  Code  Gb  timeouts.o [1]
sys_init                 0x800'ae6d     0xe  Code  Gb  sys_arch.o [1]
sys_mbox_new             0x800'adbd    0x30  Code  Gb  sys_arch.o [1]
sys_mbox_trypost         0x800'aded    0x20  Code  Gb  sys_arch.o [1]
sys_mbox_valid           0x800'ae5d    0x10  Code  Gb  sys_arch.o [1]
sys_mutex_lock           0x800'aea1    0x10  Code  Gb  sys_arch.o [1]
sys_mutex_new            0x800'ae7b    0x26  Code  Gb  sys_arch.o [1]
sys_mutex_unlock         0x800'aeb1     0xc  Code  Gb  sys_arch.o [1]
sys_now                  0x800'c4db     0x8  Code  Gb  ethernetif.o [1]
sys_thread_new           0x800'aebd    0x34  Code  Gb  sys_arch.o [1]
sys_timeout              0x800'98d9    0x30  Code  Gb  timeouts.o [1]
sys_timeout_abs          0x800'97ff    0x82  Code  Lc  timeouts.o [1]
sys_timeouts_init        0x800'98bb    0x1e  Code  Gb  timeouts.o [1]
sys_timeouts_sleeptime   0x800'9947    0x44  Code  Gb  timeouts.o [1]
tcp_abandon              0x800'6b7d   0x120  Code  Gb  tcp.o [1]
tcp_abort                0x800'6c9d     0xe  Code  Gb  tcp.o [1]
tcp_accept               0x800'7a39    0x10  Code  Gb  tcp.o [1]
tcp_accept_null          0x800'6d97    0x2c  Code  Lc  tcp.o [1]
tcp_active_pcbs         0x2000'f9a8     0x4  Data  Gb  tcp.o [1]
tcp_active_pcbs_changed
                        0x2000'fa0f     0x1  Data  Gb  tcp.o [1]
tcp_alloc                0x800'78ed    0xc8  Code  Gb  tcp.o [1]
tcp_arg                  0x800'79bf     0x8  Code  Gb  tcp.o [1]
tcp_backoff              0x802'09ec    0x10  Data  Lc  tcp.o [1]
tcp_bind                 0x800'6cab    0xec  Code  Gb  tcp.o [1]
tcp_bound_pcbs          0x2000'f9a0     0x4  Data  Gb  tcp.o [1]
tcp_close                0x800'6b43    0x3a  Code  Gb  tcp.o [1]
tcp_close_shutdown       0x800'6957   0x14c  Code  Lc  tcp.o [1]
tcp_close_shutdown_fin   0x800'6aa3    0xa0  Code  Lc  tcp.o [1]
tcp_create_segment       0x800'7e27   0x11c  Code  Lc  tcp_out.o [1]
tcp_eff_send_mss_netif   0x800'7bfd    0x56  Code  Gb  tcp.o [1]
tcp_enqueue_flags        0x800'8a09   0x196  Code  Gb  tcp_out.o [1]
tcp_err                  0x800'7a13    0x26  Code  Gb  tcp.o [1]
tcp_fasttmr              0x800'755f    0x7e  Code  Gb  tcp.o [1]
tcp_free                 0x800'686b    0x26  Code  Gb  tcp.o [1]
tcp_free_acked_segments
                         0x800'5101    0xb6  Code  Lc  tcp_in.o [1]
tcp_free_listen          0x800'6891    0x26  Code  Lc  tcp.o [1]
tcp_free_ooseq           0x800'7d75    0x16  Code  Gb  tcp.o [1]
tcp_get_next_optbyte     0x800'5c47    0x3a  Code  Lc  tcp_in.o [1]
tcp_handle_closepend     0x800'78b9    0x2a  Code  Lc  tcp.o [1]
tcp_init                 0x800'6855    0x16  Code  Gb  tcp.o [1]
tcp_input                0x800'41ad   0x646  Code  Gb  tcp_in.o [1]
tcp_input_delayed_close
                         0x800'47f3    0x54  Code  Lc  tcp_in.o [1]
tcp_input_pcb           0x2000'f9c4     0x4  Data  Gb  tcp_in.o [1]
tcp_keepalive            0x800'95d1    0x5a  Code  Gb  tcp_out.o [1]
tcp_kill_prio            0x800'779d    0x70  Code  Lc  tcp.o [1]
tcp_kill_state           0x800'7815    0x68  Code  Lc  tcp.o [1]
tcp_kill_timewait        0x800'787d    0x36  Code  Lc  tcp.o [1]
tcp_listen_closed        0x800'6905    0x52  Code  Lc  tcp.o [1]
tcp_listen_input         0x800'4847   0x150  Code  Lc  tcp_in.o [1]
tcp_listen_pcbs         0x2000'f9a4     0x4  Data  Gb  tcp.o [1]
tcp_listen_with_backlog
                         0x800'6dc3    0x14  Code  Gb  tcp.o [1]
tcp_listen_with_backlog_and_err
                         0x800'6dd7    0xe4  Code  Gb  tcp.o [1]
tcp_netif_ip_addr_changed
                         0x800'7c95    0x4a  Code  Gb  tcp.o [1]
tcp_netif_ip_addr_changed_pcblist
                         0x800'7c53    0x38  Code  Lc  tcp.o [1]
tcp_new                  0x800'79b5     0xa  Code  Gb  tcp.o [1]
tcp_new_port             0x800'6fa7    0x62  Code  Lc  tcp.o [1]
tcp_next_iss             0x800'7bcd    0x26  Code  Gb  tcp.o [1]
tcp_next_iss::iss       0x2000'0064     0x4  Data  Lc  tcp.o [1]
tcp_oos_insert_segment   0x800'5055    0xa2  Code  Lc  tcp_in.o [1]
tcp_optidx              0x2000'fa02     0x2  Data  Lc  tcp_in.o [1]
tcp_output               0x800'8bc1   0x2d0  Code  Gb  tcp_out.o [1]
tcp_output_alloc_header
                         0x800'9321    0x50  Code  Lc  tcp_out.o [1]
tcp_output_alloc_header_common
                         0x800'9265    0xb4  Code  Lc  tcp_out.o [1]
tcp_output_control_segment
                         0x800'93f9    0x76  Code  Lc  tcp_out.o [1]
tcp_output_fill_options
                         0x800'9379    0x80  Code  Lc  tcp_out.o [1]
tcp_output_segment       0x800'8ec9   0x16e  Code  Lc  tcp_out.o [1]
tcp_output_segment_busy
                         0x800'8e95    0x2c  Code  Lc  tcp_out.o [1]
tcp_parseopt             0x800'5c89    0xbc  Code  Lc  tcp_in.o [1]
tcp_pbuf_prealloc        0x800'7f43    0xde  Code  Lc  tcp_out.o [1]
tcp_pcb_lists            0x802'09fc    0x10  Data  Gb  tcp.o [1]
tcp_pcb_purge            0x800'7a81    0x68  Code  Gb  tcp.o [1]
tcp_pcb_remove           0x800'7b01    0xc4  Code  Gb  tcp.o [1]
tcp_persist_backoff      0x802'0f18     0x8  Data  Lc  tcp.o [1]
tcp_poll                 0x800'7a49    0x38  Code  Gb  tcp.o [1]
tcp_port                0x2000'09a0     0x2  Data  Lc  tcp.o [1]
tcp_process              0x800'4a79   0x5ce  Code  Lc  tcp_in.o [1]
tcp_process_refused_data
                         0x800'75e9    0xb4  Code  Gb  tcp.o [1]
tcp_receive              0x800'5201   0xa46  Code  Lc  tcp_in.o [1]
tcp_recv                 0x800'79c7    0x26  Code  Gb  tcp.o [1]
tcp_recv_null            0x800'774d    0x50  Code  Gb  tcp.o [1]
tcp_recved               0x800'6f33    0x74  Code  Gb  tcp.o [1]
tcp_remove_listener      0x800'68d3    0x32  Code  Lc  tcp.o [1]
tcp_rexmit               0x800'9145    0x92  Code  Gb  tcp_out.o [1]
tcp_rexmit_fast          0x800'91dd    0x84  Code  Gb  tcp_out.o [1]
tcp_rexmit_rto           0x800'910d    0x2e  Code  Gb  tcp_out.o [1]
tcp_rexmit_rto_commit    0x800'90d7    0x36  Code  Gb  tcp_out.o [1]
tcp_rexmit_rto_prepare   0x800'9041    0x96  Code  Gb  tcp_out.o [1]
tcp_route                0x800'7e05    0x22  Code  Lc  tcp_out.o [1]
tcp_rst                  0x800'9475    0x90  Code  Gb  tcp_out.o [1]
tcp_seg_copy             0x800'76f9    0x4a  Code  Gb  tcp.o [1]
tcp_seg_free             0x800'76b3    0x1e  Code  Gb  tcp.o [1]
tcp_segs_free            0x800'769d    0x16  Code  Gb  tcp.o [1]
tcp_send_empty_ack       0x800'9515    0xbc  Code  Gb  tcp_out.o [1]
tcp_send_fin             0x800'898f    0x5e  Code  Gb  tcp_out.o [1]
tcp_sent                 0x800'79ed    0x26  Code  Gb  tcp.o [1]
tcp_setprio              0x800'76d1    0x24  Code  Gb  tcp.o [1]
tcp_slowtmr              0x800'705d   0x502  Code  Gb  tcp.o [1]
tcp_split_unsent_seg     0x800'8781   0x20e  Code  Gb  tcp_out.o [1]
tcp_ticks               0x2000'f99c     0x4  Data  Gb  tcp.o [1]
tcp_timer               0x2000'fa10     0x1  Data  Lc  tcp.o [1]
tcp_timer_ctr           0x2000'fa11     0x1  Data  Lc  tcp.o [1]
tcp_timer_needed         0x800'97d5    0x2a  Code  Gb  timeouts.o [1]
tcp_timewait_input       0x800'4997    0x9a  Code  Lc  tcp_in.o [1]
tcp_tmr                  0x800'68b7    0x1c  Code  Gb  tcp.o [1]
tcp_trigger_input_pcb_close
                         0x800'5d49     0xc  Code  Gb  tcp_in.o [1]
tcp_tw_pcbs             0x2000'f9ac     0x4  Data  Gb  tcp.o [1]
tcp_update_rcv_ann_wnd   0x800'6ebb    0x78  Code  Gb  tcp.o [1]
tcp_write                0x800'80e7   0x69a  Code  Gb  tcp_out.o [1]
tcp_write_checks         0x800'8021    0xc6  Code  Lc  tcp_out.o [1]
tcp_zero_window_probe    0x800'9641    0xfe  Code  Gb  tcp_out.o [1]
tcphdr                  0x2000'f9b0     0x4  Data  Lc  tcp_in.o [1]
tcphdr_opt1len          0x2000'fa00     0x2  Data  Lc  tcp_in.o [1]
tcphdr_opt2             0x2000'f9b4     0x4  Data  Lc  tcp_in.o [1]
tcphdr_optlen           0x2000'f9fe     0x2  Data  Lc  tcp_in.o [1]
tcpip_init               0x800'b0f9    0x58  Code  Gb  tcpip.o [1]
tcpip_init_done         0x2000'f9c8     0x4  Data  Lc  tcpip.o [1]
tcpip_init_done_arg     0x2000'f9cc     0x4  Data  Lc  tcpip.o [1]
tcpip_inpkt              0x800'b019    0x60  Code  Gb  tcpip.o [1]
tcpip_input              0x800'b079    0x28  Code  Gb  tcpip.o [1]
tcpip_mbox              0x2000'f9d0     0x4  Data  Lc  tcpip.o [1]
tcpip_tcp_timer          0x800'97a9    0x2c  Code  Lc  timeouts.o [1]
tcpip_tcp_timer_active  0x2000'f9e0     0x4  Data  Lc  timeouts.o [1]
tcpip_thread             0x800'af87    0x3e  Code  Lc  tcpip.o [1]
tcpip_thread_handle_msg
                         0x800'afc5    0x54  Code  Lc  tcpip.o [1]
tcpip_timeouts_mbox_fetch
                         0x800'af21    0x66  Code  Lc  tcpip.o [1]
tcpip_try_callback       0x800'b0a1    0x58  Code  Gb  tcpip.o [1]
tcplen                  0x2000'fa06     0x2  Data  Lc  tcp_in.o [1]
test_result_shadow      0x2000'f780    0x20  Data  Lc  dsp.o [1]
tolower                  0x801'b1e5    0x14  Code  Gb  tolower.o [2]
ttio_guard              0x2000'fa14     0x1  Data  Lc  XShttio.o [2]
ucHeap                  0x2000'09a8  0x7800  Data  Lc  heap_4.o [1]
ucMaxSysCallPriority    0x2000'fa0e     0x1  Data  Lc  port.o [1]
udp_bind                 0x800'd5f5    0xc8  Code  Gb  udp.o [1]
udp_connect              0x800'd6bd    0x88  Code  Gb  udp.o [1]
udp_init                 0x800'd0bd    0x16  Code  Gb  udp.o [1]
udp_input                0x800'd1c3   0x1ce  Code  Gb  udp.o [1]
udp_input_local_match    0x800'd121    0xa2  Code  Lc  udp.o [1]
udp_netif_ip_addr_changed
                         0x800'd7dd    0x34  Code  Gb  udp.o [1]
udp_new                  0x800'd7b7    0x26  Code  Gb  udp.o [1]
udp_new_port             0x800'd0d3    0x4e  Code  Lc  udp.o [1]
udp_pcbs                0x2000'f9e4     0x4  Data  Gb  udp.o [1]
udp_port                0x2000'09a2     0x2  Data  Lc  udp.o [1]
udp_recv                 0x800'd745    0x22  Code  Gb  udp.o [1]
udp_remove               0x800'd767    0x50  Code  Gb  udp.o [1]
udp_sendto_if            0x800'd391    0xc8  Code  Gb  udp.o [1]
udp_sendto_if_src        0x800'd459   0x19c  Code  Gb  udp.o [1]
ulMaxPRIGROUPValue      0x2000'f950     0x4  Data  Lc  port.o [1]
uwTick                  0x2000'f954     0x4  Data  Gb  stm32f7xx_hal.o [1]
uwTickFreq              0x2000'09a5     0x1  Data  Gb  stm32f7xx_hal.o [1]
uwTickPrio              0x2000'005c     0x4  Data  Gb  stm32f7xx_hal.o [1]
uxCriticalNesting       0x2000'0058     0x4  Data  Lc  port.o [1]
uxCurrentNumberOfTasks  0x2000'f970     0x4  Data  Lc  tasks.o [1]
uxDeletedTasksWaitingCleanUp
                        0x2000'f96c     0x4  Data  Lc  tasks.o [1]
uxListRemove             0x801'4a7b    0x28  Code  Gb  list.o [1]
uxPendedTicks           0x2000'f980     0x4  Data  Lc  tasks.o [1]
uxSchedulerSuspended    0x2000'f998     0x4  Data  Lc  tasks.o [1]
uxTaskNumber            0x2000'f98c     0x4  Data  Lc  tasks.o [1]
uxTopReadyPriority      0x2000'f978     0x4  Data  Lc  tasks.o [1]
vApplicationGetIdleTaskMemory
                         0x801'4ce9    0x18  Code  Gb  freertos.o [1]
vListInitialise          0x801'4a09    0x1e  Code  Gb  list.o [1]
vListInitialiseItem      0x801'4a27     0x6  Code  Gb  list.o [1]
vListInsert              0x801'4a45    0x36  Code  Gb  list.o [1]
vListInsertEnd           0x801'4a2d    0x18  Code  Gb  list.o [1]
vPortEnableVFP           0x801'52ad          Code  Gb  portasm.o [1]
vPortEnterCritical       0x801'4b9f    0x3c  Code  Gb  port.o [1]
vPortExitCritical        0x801'4bdb    0x30  Code  Gb  port.o [1]
vPortFree                0x801'48ad    0x7c  Code  Gb  heap_4.o [1]
vPortStartFirstTask      0x801'528d          Code  Gb  portasm.o [1]
vPortValidateInterruptPriority
                         0x801'4c39    0x56  Code  Gb  port.o [1]
vTaskDelay               0x801'223d    0x52  Code  Gb  tasks.o [1]
vTaskInternalSetTimeOutState
                         0x801'2675    0x12  Code  Gb  tasks.o [1]
vTaskMissedYield         0x801'2733     0xa  Code  Gb  tasks.o [1]
vTaskPlaceOnEventList    0x801'25b9    0x38  Code  Gb  tasks.o [1]
vTaskPriorityDisinheritAfterTimeout
                         0x801'2a0d    0xf6  Code  Gb  tasks.o [1]
vTaskStartScheduler      0x801'228f    0x98  Code  Gb  tasks.o [1]
vTaskSuspendAll          0x801'2327     0xc  Code  Gb  tasks.o [1]
vTaskSwitchContext       0x801'2547    0x72  Code  Gb  tasks.o [1]
xBlockAllocatedBit      0x2000'f8c0     0x4  Data  Lc  heap_4.o [1]
xDelayedTaskList1       0x2000'f7d8    0x14  Data  Lc  tasks.o [1]
xDelayedTaskList2       0x2000'f7ec    0x14  Data  Lc  tasks.o [1]
xFreeBytesRemaining     0x2000'f8b8     0x4  Data  Lc  heap_4.o [1]
xHeapStructSize          0x802'0f38     0x4  Data  Lc  heap_4.o [1]
xIdleStack              0x2000'e4b0   0x200  Data  Lc  freertos.o [1]
xIdleTaskHandle         0x2000'f994     0x4  Data  Lc  tasks.o [1]
xIdleTaskTCBBuffer      0x2000'f310    0x54  Data  Lc  freertos.o [1]
xMinimumEverFreeBytesRemaining
                        0x2000'f8bc     0x4  Data  Lc  heap_4.o [1]
xNextTaskUnblockTime    0x2000'f990     0x4  Data  Lc  tasks.o [1]
xNumOfOverflows         0x2000'f988     0x4  Data  Lc  tasks.o [1]
xPendingReadyList       0x2000'f800    0x14  Data  Lc  tasks.o [1]
xPortStartScheduler      0x801'4aff    0xa0  Code  Gb  port.o [1]
xPortSysTickHandler      0x801'4c0b    0x2c  Code  Gb  port.o [1]
xQueueCreateMutex        0x801'2e23    0x20  Code  Gb  queue.o [1]
xQueueCreateMutexStatic
                         0x801'2e43    0x2e  Code  Gb  queue.o [1]
xQueueGenericCreate      0x801'2d6f    0x60  Code  Gb  queue.o [1]
xQueueGenericCreateStatic
                         0x801'2c99    0xd6  Code  Gb  queue.o [1]
xQueueGenericReset       0x801'2c01    0x98  Code  Gb  queue.o [1]
xQueueGenericSend        0x801'2e71   0x1b6  Code  Gb  queue.o [1]
xQueueGenericSendFromISR
                         0x801'3027    0xf0  Code  Gb  queue.o [1]
xQueueGiveFromISR        0x801'3117    0xd4  Code  Gb  queue.o [1]
xQueueReceive            0x801'31eb   0x176  Code  Gb  queue.o [1]
xQueueReceiveFromISR     0x801'3519    0xbc  Code  Gb  queue.o [1]
xQueueSemaphoreTake      0x801'3361   0x1b2  Code  Gb  queue.o [1]
xSchedulerRunning       0x2000'f97c     0x4  Data  Lc  tasks.o [1]
xStart                  0x2000'f854     0x8  Data  Lc  heap_4.o [1]
xSuspendedTaskList      0x2000'f828    0x14  Data  Lc  tasks.o [1]
xTaskCheckForTimeOut     0x801'269d    0x96  Code  Gb  tasks.o [1]
xTaskCreate              0x801'2053    0x7a  Code  Gb  tasks.o [1]
xTaskCreateStatic        0x801'1fa9    0xaa  Code  Gb  tasks.o [1]
xTaskGetSchedulerState   0x801'2869    0x20  Code  Gb  tasks.o [1]
xTaskGetTickCount        0x801'241f     0x8  Code  Gb  tasks.o [1]
xTaskGetTickCountFromISR
                         0x801'2427    0x10  Code  Gb  tasks.o [1]
xTaskIncrementTick       0x801'2437   0x110  Code  Gb  tasks.o [1]
xTaskPriorityDisinherit
                         0x801'294d    0xba  Code  Gb  tasks.o [1]
xTaskPriorityInherit     0x801'288d    0xba  Code  Gb  tasks.o [1]
xTaskRemoveFromEventList
                         0x801'25f1    0x80  Code  Gb  tasks.o [1]
xTaskResumeAll           0x801'2333    0xec  Code  Gb  tasks.o [1]
xTasksWaitingTermination
                        0x2000'f814    0x14  Data  Lc  tasks.o [1]
xTickCount              0x2000'f974     0x4  Data  Lc  tasks.o [1]
xYieldPending           0x2000'f984     0x4  Data  Lc  tasks.o [1]


[1] = D:\Work\Gerkon\NEW\system software\EWARM\config\Obj
[2] = dl7M_tlf.a
[3] = m7M_tls.a
[4] = rt7M_tl.a
[5] = shb_l.a

  97 488 bytes of readonly  code memory
   1 968 bytes of readwrite code memory
  39 562 bytes of readonly  data memory
  70 787 bytes of readwrite data memory

Errors: none
Warnings: none
